
==========================================================================
global place report_tns
--------------------------------------------------------------------------
tns max 0.00

==========================================================================
global place report_wns
--------------------------------------------------------------------------
wns max 0.00

==========================================================================
global place report_worst_slack
--------------------------------------------------------------------------
worst slack max 0.73

==========================================================================
global place report_clock_min_period
--------------------------------------------------------------------------
core_clock period_min = 7.27 fmax = 137.62

==========================================================================
global place report_checks -path_delay min
--------------------------------------------------------------------------
Startpoint: rst_ni (input port clocked by core_clock)
Endpoint: gen_regfile_ff.register_file_i.rf_reg[347]$_DFFE_PN0P_
          (removal check against rising-edge clock core_clock)
Path Group: asynchronous
Path Type: min

Fanout     Cap    Slew   Delay    Time   Description
-----------------------------------------------------------------------------
                  0.00    0.00    0.00   clock core_clock (rise edge)
                          0.00    0.00   clock network delay (ideal)
                          1.60    1.60 ^ input external delay
     1    0.01    0.00    0.00    1.60 ^ rst_ni (in)
                                         rst_ni (net)
                  0.00    0.00    1.60 ^ input438/A (sg13g2_buf_1)
     8    0.09    0.36    0.27    1.87 ^ input438/X (sg13g2_buf_1)
                                         net437 (net)
                  0.36    0.02    1.89 ^ gen_regfile_ff.register_file_i.rf_reg[347]$_DFFE_PN0P_/RESET_B (sg13g2_dfrbpq_1)
                                  1.89   data arrival time

                  0.00    0.00    0.00   clock core_clock (rise edge)
                          0.00    0.00   clock network delay (ideal)
                          0.00    0.00   clock reconvergence pessimism
                                  0.00 ^ gen_regfile_ff.register_file_i.rf_reg[347]$_DFFE_PN0P_/CLK (sg13g2_dfrbpq_1)
                         -0.20   -0.20   library removal time
                                 -0.20   data required time
-----------------------------------------------------------------------------
                                 -0.20   data required time
                                 -1.89   data arrival time
-----------------------------------------------------------------------------
                                  2.10   slack (MET)


Startpoint: core_clock_gate_i.en_latch$_DLATCH_N_
            (negative level-sensitive latch clocked by core_clock)
Endpoint: _20143_ (rising clock gating-check end-point clocked by core_clock)
Path Group: gated clock
Path Type: min

Fanout     Cap    Slew   Delay    Time   Description
-----------------------------------------------------------------------------
                  0.00    4.00    4.00   clock core_clock (fall edge)
                          0.00    4.00   clock network delay (ideal)
                  0.00    0.00    4.00 v core_clock_gate_i.en_latch$_DLATCH_N_/GATE_N (sg13g2_dllrq_1)
     1    0.00    0.02    0.15    4.15 v core_clock_gate_i.en_latch$_DLATCH_N_/Q (sg13g2_dllrq_1)
                                         core_clock_gate_i.en_latch (net)
                  0.02    0.00    4.15 v _20143_/B (sg13g2_and2_1)
                                  4.15   data arrival time

                  0.00    4.00    4.00   clock core_clock (fall edge)
                          0.00    4.00   clock network delay (ideal)
                          0.00    4.00   clock reconvergence pessimism
                                  4.00 v _20143_/A (sg13g2_and2_1)
                          0.00    4.00   clock gating hold time
                                  4.00   data required time
-----------------------------------------------------------------------------
                                  4.00   data required time
                                 -4.15   data arrival time
-----------------------------------------------------------------------------
                                  0.15   slack (MET)


Startpoint: id_stage_i.controller_i.ctrl_fsm_cs[0]$_DFF_PN1_
            (rising edge-triggered flip-flop clocked by core_clock)
Endpoint: id_stage_i.controller_i.ctrl_fsm_cs[5]$_DFF_PN0_
          (rising edge-triggered flip-flop clocked by core_clock)
Path Group: core_clock
Path Type: min

Fanout     Cap    Slew   Delay    Time   Description
-----------------------------------------------------------------------------
                  0.00    0.00    0.00   clock core_clock (rise edge)
                          0.00    0.00   clock network delay (ideal)
                  0.00    0.00    0.00 ^ id_stage_i.controller_i.ctrl_fsm_cs[0]$_DFF_PN1_/CLK (sg13g2_dfrbpq_1)
     2    0.01    0.04    0.17    0.17 ^ id_stage_i.controller_i.ctrl_fsm_cs[0]$_DFF_PN1_/Q (sg13g2_dfrbpq_1)
                                         _00006_ (net)
                  0.04    0.00    0.17 ^ _15831_/A (sg13g2_inv_1)
     1    0.00    0.02    0.03    0.20 v _15831_/Y (sg13g2_inv_1)
                                         _02251_ (net)
                  0.02    0.00    0.20 v id_stage_i.controller_i.ctrl_fsm_cs[5]$_DFF_PN0_/D (sg13g2_dfrbpq_1)
                                  0.20   data arrival time

                  0.00    0.00    0.00   clock core_clock (rise edge)
                          0.00    0.00   clock network delay (ideal)
                          0.00    0.00   clock reconvergence pessimism
                                  0.00 ^ id_stage_i.controller_i.ctrl_fsm_cs[5]$_DFF_PN0_/CLK (sg13g2_dfrbpq_1)
                         -0.04   -0.04   library hold time
                                 -0.04   data required time
-----------------------------------------------------------------------------
                                 -0.04   data required time
                                 -0.20   data arrival time
-----------------------------------------------------------------------------
                                  0.24   slack (MET)



==========================================================================
global place report_checks -path_delay max
--------------------------------------------------------------------------
Startpoint: rst_ni (input port clocked by core_clock)
Endpoint: gen_regfile_ff.register_file_i.rf_reg[534]$_DFFE_PN0P_
          (recovery check against rising-edge clock core_clock)
Path Group: asynchronous
Path Type: max

Fanout     Cap    Slew   Delay    Time   Description
-----------------------------------------------------------------------------
                  0.00    0.00    0.00   clock core_clock (rise edge)
                          0.00    0.00   clock network delay (ideal)
                          1.60    1.60 ^ input external delay
     1    0.01    0.00    0.00    1.60 ^ rst_ni (in)
                                         rst_ni (net)
                  0.00    0.00    1.60 ^ input438/A (sg13g2_buf_1)
     8    0.09    0.36    0.27    1.87 ^ input438/X (sg13g2_buf_1)
                                         net437 (net)
                  0.36    0.01    1.88 ^ place8083/A (sg13g2_buf_1)
     8    0.04    0.18    0.26    2.14 ^ place8083/X (sg13g2_buf_1)
                                         net8082 (net)
                  0.18    0.00    2.14 ^ place8082/A (sg13g2_buf_1)
     5    0.07    0.30    0.30    2.43 ^ place8082/X (sg13g2_buf_1)
                                         net8081 (net)
                  0.30    0.01    2.44 ^ place8081/A (sg13g2_buf_1)
     5    0.03    0.14    0.22    2.66 ^ place8081/X (sg13g2_buf_1)
                                         net8080 (net)
                  0.14    0.00    2.66 ^ place8080/A (sg13g2_buf_1)
     8    0.06    0.23    0.25    2.91 ^ place8080/X (sg13g2_buf_1)
                                         net8079 (net)
                  0.23    0.00    2.92 ^ place8065/A (sg13g2_buf_1)
     7    0.04    0.18    0.24    3.15 ^ place8065/X (sg13g2_buf_1)
                                         net8064 (net)
                  0.18    0.00    3.16 ^ place8064/A (sg13g2_buf_1)
     8    0.05    0.23    0.26    3.41 ^ place8064/X (sg13g2_buf_1)
                                         net8063 (net)
                  0.23    0.00    3.42 ^ place8063/A (sg13g2_buf_1)
     7    0.05    0.20    0.25    3.67 ^ place8063/X (sg13g2_buf_1)
                                         net8062 (net)
                  0.20    0.00    3.67 ^ place8062/A (sg13g2_buf_1)
     8    0.05    0.20    0.24    3.92 ^ place8062/X (sg13g2_buf_1)
                                         net8061 (net)
                  0.20    0.00    3.92 ^ place8061/A (sg13g2_buf_1)
     8    0.05    0.21    0.25    4.17 ^ place8061/X (sg13g2_buf_1)
                                         net8060 (net)
                  0.21    0.00    4.17 ^ gen_regfile_ff.register_file_i.rf_reg[534]$_DFFE_PN0P_/RESET_B (sg13g2_dfrbpq_1)
                                  4.17   data arrival time

                  0.00    8.00    8.00   clock core_clock (rise edge)
                          0.00    8.00   clock network delay (ideal)
                          0.00    8.00   clock reconvergence pessimism
                                  8.00 ^ gen_regfile_ff.register_file_i.rf_reg[534]$_DFFE_PN0P_/CLK (sg13g2_dfrbpq_1)
                         -0.18    7.82   library recovery time
                                  7.82   data required time
-----------------------------------------------------------------------------
                                  7.82   data required time
                                 -4.17   data arrival time
-----------------------------------------------------------------------------
                                  3.65   slack (MET)


Startpoint: core_clock_gate_i.en_latch$_DLATCH_N_
            (negative level-sensitive latch clocked by core_clock)
Endpoint: _20143_ (rising clock gating-check end-point clocked by core_clock)
Path Group: gated clock
Path Type: max

Fanout     Cap    Slew   Delay    Time   Description
-----------------------------------------------------------------------------
                  0.00    4.00    4.00   clock core_clock (fall edge)
                          0.00    4.00   clock network delay (ideal)
                  0.00    0.00    4.00 v core_clock_gate_i.en_latch$_DLATCH_N_/GATE_N (sg13g2_dllrq_1)
     1    0.00    0.03    0.21    4.21 ^ core_clock_gate_i.en_latch$_DLATCH_N_/Q (sg13g2_dllrq_1)
                                         core_clock_gate_i.en_latch (net)
                  0.03    0.00    4.21 ^ _20143_/B (sg13g2_and2_1)
                                  4.21   data arrival time

                  0.00    8.00    8.00   clock core_clock (rise edge)
                          0.00    8.00   clock network delay (ideal)
                          0.00    8.00   clock reconvergence pessimism
                                  8.00 ^ _20143_/A (sg13g2_and2_1)
                          0.00    8.00   clock gating setup time
                                  8.00   data required time
-----------------------------------------------------------------------------
                                  8.00   data required time
                                 -4.21   data arrival time
-----------------------------------------------------------------------------
                                  3.79   slack (MET)


Startpoint: if_stage_i.instr_rdata_id_o[16]$_DFFE_PP_
            (rising edge-triggered flip-flop clocked by core_clock)
Endpoint: gen_regfile_ff.register_file_i.rf_reg[893]$_DFFE_PN0P_
          (rising edge-triggered flip-flop clocked by core_clock)
Path Group: core_clock
Path Type: max

Fanout     Cap    Slew   Delay    Time   Description
-----------------------------------------------------------------------------
                  0.00    0.00    0.00   clock core_clock (rise edge)
                          0.00    0.00   clock network delay (ideal)
                  0.00    0.00    0.00 ^ if_stage_i.instr_rdata_id_o[16]$_DFFE_PP_/CLK (sg13g2_dfrbpq_1)
     7    0.06    0.25    0.31    0.31 ^ if_stage_i.instr_rdata_id_o[16]$_DFFE_PP_/Q (sg13g2_dfrbpq_1)
                                         _01893_ (net)
                  0.25    0.01    0.32 ^ place7832/A (sg13g2_buf_2)
     6    0.08    0.17    0.24    0.56 ^ place7832/X (sg13g2_buf_2)
                                         net7831 (net)
                  0.17    0.00    0.56 ^ place7828/A (sg13g2_buf_1)
     6    0.10    0.42    0.37    0.93 ^ place7828/X (sg13g2_buf_1)
                                         net7827 (net)
                  0.43    0.05    0.98 ^ place7827/A (sg13g2_buf_1)
     8    0.07    0.28    0.34    1.32 ^ place7827/X (sg13g2_buf_1)
                                         net7826 (net)
                  0.28    0.00    1.32 ^ place7826/A (sg13g2_buf_1)
     6    0.07    0.30    0.32    1.64 ^ place7826/X (sg13g2_buf_1)
                                         net7825 (net)
                  0.30    0.00    1.64 ^ _17205_/S0 (sg13g2_mux4_1)
     2    0.01    0.09    0.27    1.91 ^ _17205_/X (sg13g2_mux4_1)
                                         _03625_ (net)
                  0.09    0.00    1.92 ^ _17209_/A0 (sg13g2_mux4_1)
     6    0.08    0.32    0.39    2.31 ^ _17209_/X (sg13g2_mux4_1)
                                         _03629_ (net)
                  0.32    0.00    2.31 ^ _18376_/B (sg13g2_nand3_1)
     6    0.05    0.54    0.46    2.77 v _18376_/Y (sg13g2_nand3_1)
                                         _04796_ (net)
                  0.54    0.00    2.77 v _18378_/A_N (sg13g2_nand2b_1)
     8    0.06    0.35    0.41    3.18 v _18378_/Y (sg13g2_nand2b_1)
                                         _04798_ (net)
                  0.35    0.01    3.19 v place7117/A (sg13g2_buf_1)
     7    0.03    0.11    0.22    3.41 v place7117/X (sg13g2_buf_1)
                                         net7116 (net)
                  0.11    0.00    3.41 v place7116/A (sg13g2_buf_1)
     7    0.03    0.11    0.17    3.58 v place7116/X (sg13g2_buf_1)
                                         net7115 (net)
                  0.11    0.00    3.58 v _19267_/B (sg13g2_nor2_1)
     2    0.01    0.11    0.12    3.70 ^ _19267_/Y (sg13g2_nor2_1)
                                         _05687_ (net)
                  0.11    0.00    3.70 ^ _19268_/B (sg13g2_xnor2_1)
     2    0.02    0.17    0.18    3.88 ^ _19268_/Y (sg13g2_xnor2_1)
                                         _05688_ (net)
                  0.17    0.00    3.88 ^ _19270_/B (sg13g2_xnor2_1)
     3    0.01    0.09    0.14    4.02 v _19270_/Y (sg13g2_xnor2_1)
                                         _05690_ (net)
                  0.09    0.00    4.02 v _19286_/B1 (sg13g2_o21ai_1)
     2    0.01    0.11    0.08    4.09 ^ _19286_/Y (sg13g2_o21ai_1)
                                         _05706_ (net)
                  0.11    0.00    4.09 ^ _19290_/D (sg13g2_nand4_1)
     2    0.01    0.13    0.17    4.26 v _19290_/Y (sg13g2_nand4_1)
                                         _05710_ (net)
                  0.13    0.00    4.26 v _19293_/A1 (sg13g2_a21oi_1)
     3    0.01    0.13    0.15    4.42 ^ _19293_/Y (sg13g2_a21oi_1)
                                         _05713_ (net)
                  0.13    0.00    4.42 ^ _19295_/A (sg13g2_or2_1)
     1    0.01    0.04    0.12    4.54 ^ _19295_/X (sg13g2_or2_1)
                                         _05715_ (net)
                  0.04    0.00    4.54 ^ _19297_/A (sg13g2_xnor2_1)
     2    0.02    0.21    0.19    4.72 ^ _19297_/Y (sg13g2_xnor2_1)
                                         _05717_ (net)
                  0.21    0.00    4.72 ^ _19309_/A (sg13g2_xnor2_1)
     1    0.01    0.13    0.17    4.90 ^ _19309_/Y (sg13g2_xnor2_1)
                                         _05729_ (net)
                  0.13    0.00    4.90 ^ _19311_/A (sg13g2_xnor2_1)
     1    0.01    0.13    0.13    5.03 ^ _19311_/Y (sg13g2_xnor2_1)
                                         _05731_ (net)
                  0.13    0.00    5.03 ^ _19312_/B (sg13g2_xnor2_1)
     2    0.01    0.14    0.16    5.19 ^ _19312_/Y (sg13g2_xnor2_1)
                                         _05732_ (net)
                  0.14    0.00    5.19 ^ _19320_/A (sg13g2_xor2_1)
     1    0.01    0.08    0.15    5.34 ^ _19320_/X (sg13g2_xor2_1)
                                         _05740_ (net)
                  0.08    0.00    5.34 ^ _19321_/B (sg13g2_xnor2_1)
     2    0.01    0.12    0.13    5.47 ^ _19321_/Y (sg13g2_xnor2_1)
                                         _05741_ (net)
                  0.12    0.00    5.47 ^ _15591_/_370_/A (sg13g2_xnor2_1)
     4    0.02    0.22    0.23    5.70 ^ _15591_/_370_/Y (sg13g2_xnor2_1)
                                         _15591_/_063_ (net)
                  0.22    0.00    5.70 ^ _15591_/_372_/A2 (sg13g2_o21ai_1)
     2    0.01    0.08    0.12    5.82 v _15591_/_372_/Y (sg13g2_o21ai_1)
                                         _15591_/_065_ (net)
                  0.08    0.00    5.82 v _15591_/_373_/B1 (sg13g2_a21o_1)
     2    0.01    0.04    0.13    5.95 v _15591_/_373_/X (sg13g2_a21o_1)
                                         _15591_/_066_ (net)
                  0.04    0.00    5.95 v _15591_/_424_/A1 (sg13g2_a21o_1)
     1    0.00    0.03    0.11    6.06 v _15591_/_424_/X (sg13g2_a21o_1)
                                         _15591_/_108_ (net)
                  0.03    0.00    6.06 v _15591_/_426_/B1 (sg13g2_a21o_1)
     1    0.01    0.04    0.11    6.17 v _15591_/_426_/X (sg13g2_a21o_1)
                                         ibex_core/ALU_34_0_34_0_34_KOGGE_STONE/CO[28] (net)
                  0.04    0.00    6.17 v _15591_/_527_/A (sg13g2_xnor2_1)
     2    0.03    0.28    0.21    6.38 ^ _15591_/_527_/Y (sg13g2_xnor2_1)
                                         _00099_ (net)
                  0.28    0.00    6.38 ^ _23813_/A1 (sg13g2_a21oi_1)
     1    0.01    0.11    0.16    6.54 v _23813_/Y (sg13g2_a21oi_1)
                                         _10201_ (net)
                  0.11    0.00    6.54 v place5853/A (sg13g2_buf_8)
     1    0.04    0.03    0.12    6.66 v place5853/X (sg13g2_buf_8)
                                         net5852 (net)
                  0.04    0.01    6.67 v _23816_/B1 (sg13g2_a21o_1)
     1    0.01    0.04    0.12    6.79 v _23816_/X (sg13g2_a21o_1)
                                         _10204_ (net)
                  0.04    0.00    6.79 v place5810/A (sg13g2_buf_8)
     8    0.11    0.06    0.09    6.88 v place5810/X (sg13g2_buf_8)
                                         net5809 (net)
                  0.10    0.04    6.92 v place5809/A (sg13g2_buf_8)
     8    0.04    0.03    0.11    7.03 v place5809/X (sg13g2_buf_8)
                                         net5808 (net)
                  0.03    0.00    7.04 v _24782_/A1 (sg13g2_o21ai_1)
     1    0.00    0.11    0.08    7.12 ^ _24782_/Y (sg13g2_o21ai_1)
                                         _11170_ (net)
                  0.11    0.00    7.12 ^ gen_regfile_ff.register_file_i.rf_reg[893]$_DFFE_PN0P_/D (sg13g2_dfrbpq_1)
                                  7.12   data arrival time

                  0.00    8.00    8.00   clock core_clock (rise edge)
                          0.00    8.00   clock network delay (ideal)
                          0.00    8.00   clock reconvergence pessimism
                                  8.00 ^ gen_regfile_ff.register_file_i.rf_reg[893]$_DFFE_PN0P_/CLK (sg13g2_dfrbpq_1)
                         -0.15    7.85   library setup time
                                  7.85   data required time
-----------------------------------------------------------------------------
                                  7.85   data required time
                                 -7.12   data arrival time
-----------------------------------------------------------------------------
                                  0.73   slack (MET)



==========================================================================
global place report_checks -unconstrained
--------------------------------------------------------------------------
Startpoint: rst_ni (input port clocked by core_clock)
Endpoint: gen_regfile_ff.register_file_i.rf_reg[534]$_DFFE_PN0P_
          (recovery check against rising-edge clock core_clock)
Path Group: asynchronous
Path Type: max

Fanout     Cap    Slew   Delay    Time   Description
-----------------------------------------------------------------------------
                  0.00    0.00    0.00   clock core_clock (rise edge)
                          0.00    0.00   clock network delay (ideal)
                          1.60    1.60 ^ input external delay
     1    0.01    0.00    0.00    1.60 ^ rst_ni (in)
                                         rst_ni (net)
                  0.00    0.00    1.60 ^ input438/A (sg13g2_buf_1)
     8    0.09    0.36    0.27    1.87 ^ input438/X (sg13g2_buf_1)
                                         net437 (net)
                  0.36    0.01    1.88 ^ place8083/A (sg13g2_buf_1)
     8    0.04    0.18    0.26    2.14 ^ place8083/X (sg13g2_buf_1)
                                         net8082 (net)
                  0.18    0.00    2.14 ^ place8082/A (sg13g2_buf_1)
     5    0.07    0.30    0.30    2.43 ^ place8082/X (sg13g2_buf_1)
                                         net8081 (net)
                  0.30    0.01    2.44 ^ place8081/A (sg13g2_buf_1)
     5    0.03    0.14    0.22    2.66 ^ place8081/X (sg13g2_buf_1)
                                         net8080 (net)
                  0.14    0.00    2.66 ^ place8080/A (sg13g2_buf_1)
     8    0.06    0.23    0.25    2.91 ^ place8080/X (sg13g2_buf_1)
                                         net8079 (net)
                  0.23    0.00    2.92 ^ place8065/A (sg13g2_buf_1)
     7    0.04    0.18    0.24    3.15 ^ place8065/X (sg13g2_buf_1)
                                         net8064 (net)
                  0.18    0.00    3.16 ^ place8064/A (sg13g2_buf_1)
     8    0.05    0.23    0.26    3.41 ^ place8064/X (sg13g2_buf_1)
                                         net8063 (net)
                  0.23    0.00    3.42 ^ place8063/A (sg13g2_buf_1)
     7    0.05    0.20    0.25    3.67 ^ place8063/X (sg13g2_buf_1)
                                         net8062 (net)
                  0.20    0.00    3.67 ^ place8062/A (sg13g2_buf_1)
     8    0.05    0.20    0.24    3.92 ^ place8062/X (sg13g2_buf_1)
                                         net8061 (net)
                  0.20    0.00    3.92 ^ place8061/A (sg13g2_buf_1)
     8    0.05    0.21    0.25    4.17 ^ place8061/X (sg13g2_buf_1)
                                         net8060 (net)
                  0.21    0.00    4.17 ^ gen_regfile_ff.register_file_i.rf_reg[534]$_DFFE_PN0P_/RESET_B (sg13g2_dfrbpq_1)
                                  4.17   data arrival time

                  0.00    8.00    8.00   clock core_clock (rise edge)
                          0.00    8.00   clock network delay (ideal)
                          0.00    8.00   clock reconvergence pessimism
                                  8.00 ^ gen_regfile_ff.register_file_i.rf_reg[534]$_DFFE_PN0P_/CLK (sg13g2_dfrbpq_1)
                         -0.18    7.82   library recovery time
                                  7.82   data required time
-----------------------------------------------------------------------------
                                  7.82   data required time
                                 -4.17   data arrival time
-----------------------------------------------------------------------------
                                  3.65   slack (MET)


Startpoint: core_clock_gate_i.en_latch$_DLATCH_N_
            (negative level-sensitive latch clocked by core_clock)
Endpoint: _20143_ (rising clock gating-check end-point clocked by core_clock)
Path Group: gated clock
Path Type: max

Fanout     Cap    Slew   Delay    Time   Description
-----------------------------------------------------------------------------
                  0.00    4.00    4.00   clock core_clock (fall edge)
                          0.00    4.00   clock network delay (ideal)
                  0.00    0.00    4.00 v core_clock_gate_i.en_latch$_DLATCH_N_/GATE_N (sg13g2_dllrq_1)
     1    0.00    0.03    0.21    4.21 ^ core_clock_gate_i.en_latch$_DLATCH_N_/Q (sg13g2_dllrq_1)
                                         core_clock_gate_i.en_latch (net)
                  0.03    0.00    4.21 ^ _20143_/B (sg13g2_and2_1)
                                  4.21   data arrival time

                  0.00    8.00    8.00   clock core_clock (rise edge)
                          0.00    8.00   clock network delay (ideal)
                          0.00    8.00   clock reconvergence pessimism
                                  8.00 ^ _20143_/A (sg13g2_and2_1)
                          0.00    8.00   clock gating setup time
                                  8.00   data required time
-----------------------------------------------------------------------------
                                  8.00   data required time
                                 -4.21   data arrival time
-----------------------------------------------------------------------------
                                  3.79   slack (MET)


Startpoint: if_stage_i.instr_rdata_id_o[16]$_DFFE_PP_
            (rising edge-triggered flip-flop clocked by core_clock)
Endpoint: gen_regfile_ff.register_file_i.rf_reg[893]$_DFFE_PN0P_
          (rising edge-triggered flip-flop clocked by core_clock)
Path Group: core_clock
Path Type: max

Fanout     Cap    Slew   Delay    Time   Description
-----------------------------------------------------------------------------
                  0.00    0.00    0.00   clock core_clock (rise edge)
                          0.00    0.00   clock network delay (ideal)
                  0.00    0.00    0.00 ^ if_stage_i.instr_rdata_id_o[16]$_DFFE_PP_/CLK (sg13g2_dfrbpq_1)
     7    0.06    0.25    0.31    0.31 ^ if_stage_i.instr_rdata_id_o[16]$_DFFE_PP_/Q (sg13g2_dfrbpq_1)
                                         _01893_ (net)
                  0.25    0.01    0.32 ^ place7832/A (sg13g2_buf_2)
     6    0.08    0.17    0.24    0.56 ^ place7832/X (sg13g2_buf_2)
                                         net7831 (net)
                  0.17    0.00    0.56 ^ place7828/A (sg13g2_buf_1)
     6    0.10    0.42    0.37    0.93 ^ place7828/X (sg13g2_buf_1)
                                         net7827 (net)
                  0.43    0.05    0.98 ^ place7827/A (sg13g2_buf_1)
     8    0.07    0.28    0.34    1.32 ^ place7827/X (sg13g2_buf_1)
                                         net7826 (net)
                  0.28    0.00    1.32 ^ place7826/A (sg13g2_buf_1)
     6    0.07    0.30    0.32    1.64 ^ place7826/X (sg13g2_buf_1)
                                         net7825 (net)
                  0.30    0.00    1.64 ^ _17205_/S0 (sg13g2_mux4_1)
     2    0.01    0.09    0.27    1.91 ^ _17205_/X (sg13g2_mux4_1)
                                         _03625_ (net)
                  0.09    0.00    1.92 ^ _17209_/A0 (sg13g2_mux4_1)
     6    0.08    0.32    0.39    2.31 ^ _17209_/X (sg13g2_mux4_1)
                                         _03629_ (net)
                  0.32    0.00    2.31 ^ _18376_/B (sg13g2_nand3_1)
     6    0.05    0.54    0.46    2.77 v _18376_/Y (sg13g2_nand3_1)
                                         _04796_ (net)
                  0.54    0.00    2.77 v _18378_/A_N (sg13g2_nand2b_1)
     8    0.06    0.35    0.41    3.18 v _18378_/Y (sg13g2_nand2b_1)
                                         _04798_ (net)
                  0.35    0.01    3.19 v place7117/A (sg13g2_buf_1)
     7    0.03    0.11    0.22    3.41 v place7117/X (sg13g2_buf_1)
                                         net7116 (net)
                  0.11    0.00    3.41 v place7116/A (sg13g2_buf_1)
     7    0.03    0.11    0.17    3.58 v place7116/X (sg13g2_buf_1)
                                         net7115 (net)
                  0.11    0.00    3.58 v _19267_/B (sg13g2_nor2_1)
     2    0.01    0.11    0.12    3.70 ^ _19267_/Y (sg13g2_nor2_1)
                                         _05687_ (net)
                  0.11    0.00    3.70 ^ _19268_/B (sg13g2_xnor2_1)
     2    0.02    0.17    0.18    3.88 ^ _19268_/Y (sg13g2_xnor2_1)
                                         _05688_ (net)
                  0.17    0.00    3.88 ^ _19270_/B (sg13g2_xnor2_1)
     3    0.01    0.09    0.14    4.02 v _19270_/Y (sg13g2_xnor2_1)
                                         _05690_ (net)
                  0.09    0.00    4.02 v _19286_/B1 (sg13g2_o21ai_1)
     2    0.01    0.11    0.08    4.09 ^ _19286_/Y (sg13g2_o21ai_1)
                                         _05706_ (net)
                  0.11    0.00    4.09 ^ _19290_/D (sg13g2_nand4_1)
     2    0.01    0.13    0.17    4.26 v _19290_/Y (sg13g2_nand4_1)
                                         _05710_ (net)
                  0.13    0.00    4.26 v _19293_/A1 (sg13g2_a21oi_1)
     3    0.01    0.13    0.15    4.42 ^ _19293_/Y (sg13g2_a21oi_1)
                                         _05713_ (net)
                  0.13    0.00    4.42 ^ _19295_/A (sg13g2_or2_1)
     1    0.01    0.04    0.12    4.54 ^ _19295_/X (sg13g2_or2_1)
                                         _05715_ (net)
                  0.04    0.00    4.54 ^ _19297_/A (sg13g2_xnor2_1)
     2    0.02    0.21    0.19    4.72 ^ _19297_/Y (sg13g2_xnor2_1)
                                         _05717_ (net)
                  0.21    0.00    4.72 ^ _19309_/A (sg13g2_xnor2_1)
     1    0.01    0.13    0.17    4.90 ^ _19309_/Y (sg13g2_xnor2_1)
                                         _05729_ (net)
                  0.13    0.00    4.90 ^ _19311_/A (sg13g2_xnor2_1)
     1    0.01    0.13    0.13    5.03 ^ _19311_/Y (sg13g2_xnor2_1)
                                         _05731_ (net)
                  0.13    0.00    5.03 ^ _19312_/B (sg13g2_xnor2_1)
     2    0.01    0.14    0.16    5.19 ^ _19312_/Y (sg13g2_xnor2_1)
                                         _05732_ (net)
                  0.14    0.00    5.19 ^ _19320_/A (sg13g2_xor2_1)
     1    0.01    0.08    0.15    5.34 ^ _19320_/X (sg13g2_xor2_1)
                                         _05740_ (net)
                  0.08    0.00    5.34 ^ _19321_/B (sg13g2_xnor2_1)
     2    0.01    0.12    0.13    5.47 ^ _19321_/Y (sg13g2_xnor2_1)
                                         _05741_ (net)
                  0.12    0.00    5.47 ^ _15591_/_370_/A (sg13g2_xnor2_1)
     4    0.02    0.22    0.23    5.70 ^ _15591_/_370_/Y (sg13g2_xnor2_1)
                                         _15591_/_063_ (net)
                  0.22    0.00    5.70 ^ _15591_/_372_/A2 (sg13g2_o21ai_1)
     2    0.01    0.08    0.12    5.82 v _15591_/_372_/Y (sg13g2_o21ai_1)
                                         _15591_/_065_ (net)
                  0.08    0.00    5.82 v _15591_/_373_/B1 (sg13g2_a21o_1)
     2    0.01    0.04    0.13    5.95 v _15591_/_373_/X (sg13g2_a21o_1)
                                         _15591_/_066_ (net)
                  0.04    0.00    5.95 v _15591_/_424_/A1 (sg13g2_a21o_1)
     1    0.00    0.03    0.11    6.06 v _15591_/_424_/X (sg13g2_a21o_1)
                                         _15591_/_108_ (net)
                  0.03    0.00    6.06 v _15591_/_426_/B1 (sg13g2_a21o_1)
     1    0.01    0.04    0.11    6.17 v _15591_/_426_/X (sg13g2_a21o_1)
                                         ibex_core/ALU_34_0_34_0_34_KOGGE_STONE/CO[28] (net)
                  0.04    0.00    6.17 v _15591_/_527_/A (sg13g2_xnor2_1)
     2    0.03    0.28    0.21    6.38 ^ _15591_/_527_/Y (sg13g2_xnor2_1)
                                         _00099_ (net)
                  0.28    0.00    6.38 ^ _23813_/A1 (sg13g2_a21oi_1)
     1    0.01    0.11    0.16    6.54 v _23813_/Y (sg13g2_a21oi_1)
                                         _10201_ (net)
                  0.11    0.00    6.54 v place5853/A (sg13g2_buf_8)
     1    0.04    0.03    0.12    6.66 v place5853/X (sg13g2_buf_8)
                                         net5852 (net)
                  0.04    0.01    6.67 v _23816_/B1 (sg13g2_a21o_1)
     1    0.01    0.04    0.12    6.79 v _23816_/X (sg13g2_a21o_1)
                                         _10204_ (net)
                  0.04    0.00    6.79 v place5810/A (sg13g2_buf_8)
     8    0.11    0.06    0.09    6.88 v place5810/X (sg13g2_buf_8)
                                         net5809 (net)
                  0.10    0.04    6.92 v place5809/A (sg13g2_buf_8)
     8    0.04    0.03    0.11    7.03 v place5809/X (sg13g2_buf_8)
                                         net5808 (net)
                  0.03    0.00    7.04 v _24782_/A1 (sg13g2_o21ai_1)
     1    0.00    0.11    0.08    7.12 ^ _24782_/Y (sg13g2_o21ai_1)
                                         _11170_ (net)
                  0.11    0.00    7.12 ^ gen_regfile_ff.register_file_i.rf_reg[893]$_DFFE_PN0P_/D (sg13g2_dfrbpq_1)
                                  7.12   data arrival time

                  0.00    8.00    8.00   clock core_clock (rise edge)
                          0.00    8.00   clock network delay (ideal)
                          0.00    8.00   clock reconvergence pessimism
                                  8.00 ^ gen_regfile_ff.register_file_i.rf_reg[893]$_DFFE_PN0P_/CLK (sg13g2_dfrbpq_1)
                         -0.15    7.85   library setup time
                                  7.85   data required time
-----------------------------------------------------------------------------
                                  7.85   data required time
                                 -7.12   data arrival time
-----------------------------------------------------------------------------
                                  0.73   slack (MET)



==========================================================================
global place report_power
--------------------------------------------------------------------------
Group                  Internal  Switching    Leakage      Total
                          Power      Power      Power      Power (Watts)
----------------------------------------------------------------
Sequential             1.24e-02   1.01e-03   9.22e-07   1.34e-02  32.5%
Combinational          1.06e-02   1.71e-02   2.24e-06   2.77e-02  67.0%
Clock                  1.60e-07   2.18e-04   1.57e-10   2.19e-04   0.5%
Macro                  0.00e+00   0.00e+00   0.00e+00   0.00e+00   0.0%
Pad                    0.00e+00   0.00e+00   0.00e+00   0.00e+00   0.0%
----------------------------------------------------------------
Total                  2.30e-02   1.84e-02   3.16e-06   4.14e-02 100.0%
                          55.7%      44.3%       0.0%
