[2026-06-09 12:14:52.477] [kepler_formal_main_logger] [info] [KeplerFormal.cpp:1220] KEPLER FORMAL: Run.
[2026-06-09 12:14:52.477] [kepler_formal_main_logger] [info] [KeplerFormal.cpp:1228] Input format: VERILOG
[2026-06-09 12:14:52.477] [kepler_formal_main_logger] [info] [KeplerFormal.cpp:1230] Run log: ./logs/nangate45/bp/base/6_final_sec_check.log
[2026-06-09 12:14:52.477] [kepler_formal_main_logger] [info] [KeplerFormal.cpp:502] Netlist 1: ./1_synth_lec.v
[2026-06-09 12:14:52.477] [kepler_formal_main_logger] [info] [KeplerFormal.cpp:502] Netlist 2: ./6_final_lec.v
[2026-06-09 12:14:52.477] [kepler_formal_main_logger] [info] [KeplerFormal.cpp:1311] Solver: KISSAT
[2026-06-09 12:14:52.477] [kepler_formal_main_logger] [info] [KeplerFormal.cpp:1312] Verification: sec
[2026-06-09 12:14:52.477] [kepler_formal_main_logger] [info] [KeplerFormal.cpp:1314] SEC max_k: 32
[2026-06-09 12:14:52.477] [kepler_formal_main_logger] [info] [KeplerFormal.cpp:1315] SEC engine: pdr
[2026-06-09 12:14:52.477] [kepler_formal_main_logger] [info] [KeplerFormal.cpp:1316] SEC X mode: binary
[2026-06-09 12:14:52.477] [kepler_formal_main_logger] [info] [KeplerFormal.cpp:1320] SEC uncomputable sequentials: boundary abstraction
[2026-06-09 12:14:52.477] [kepler_formal_main_logger] [info] [KeplerFormal.cpp:1322] Compact mode: disabled
[2026-06-09 12:14:52.477] [kepler_formal_main_logger] [info] [KeplerFormal.cpp:1323] Skipped PO reports: disabled
[2026-06-09 12:14:52.477] [kepler_formal_main_logger] [info] [KeplerFormal.cpp:1325] Library: ./NangateOpenCellLibrary_typical.lib
[2026-06-09 12:14:52.477] [kepler_formal_main_logger] [info] [KeplerFormal.cpp:1325] Library: ./fakeram45_512x64.lib
[2026-06-09 12:14:52.477] [kepler_formal_main_logger] [info] [KeplerFormal.cpp:1325] Library: ./fakeram45_256x95.lib
[2026-06-09 12:14:52.477] [kepler_formal_main_logger] [info] [KeplerFormal.cpp:1325] Library: ./fakeram45_64x7.lib
[2026-06-09 12:14:52.477] [kepler_formal_main_logger] [info] [KeplerFormal.cpp:1325] Library: ./fakeram45_64x15.lib
[2026-06-09 12:14:52.477] [kepler_formal_main_logger] [info] [KeplerFormal.cpp:1325] Library: ./fakeram45_64x96.lib
[2026-06-09 12:14:52.479] [kepler_formal_main_logger] [info] [KeplerFormal.cpp:1421] Loading library file: ./NangateOpenCellLibrary_typical.lib
[2026-06-09 12:14:52.537] [kepler_formal_main_logger] [info] [KeplerFormal.cpp:1421] Loading library file: ./fakeram45_512x64.lib
[2026-06-09 12:14:52.538] [kepler_formal_main_logger] [info] [KeplerFormal.cpp:1421] Loading library file: ./fakeram45_256x95.lib
[2026-06-09 12:14:52.539] [kepler_formal_main_logger] [info] [KeplerFormal.cpp:1421] Loading library file: ./fakeram45_64x7.lib
[2026-06-09 12:14:52.539] [kepler_formal_main_logger] [info] [KeplerFormal.cpp:1421] Loading library file: ./fakeram45_64x15.lib
[2026-06-09 12:14:52.539] [kepler_formal_main_logger] [info] [KeplerFormal.cpp:1421] Loading library file: ./fakeram45_64x96.lib
[2026-06-09 12:14:52.540] [kepler_formal_main_logger] [info] [KeplerFormal.cpp:1679] Parsing verilog file(s) for design 1
[2026-06-09 12:14:56.724] [kepler_formal_main_logger] [info] [KeplerFormal.cpp:1707] Found top design: black_parrot
[2026-06-09 12:14:56.724] [kepler_formal_main_logger] [info] [KeplerFormal.cpp:1421] Loading library file: ./NangateOpenCellLibrary_typical.lib
[2026-06-09 12:14:56.786] [kepler_formal_main_logger] [info] [KeplerFormal.cpp:1421] Loading library file: ./fakeram45_512x64.lib
[2026-06-09 12:14:56.787] [kepler_formal_main_logger] [info] [KeplerFormal.cpp:1421] Loading library file: ./fakeram45_256x95.lib
[2026-06-09 12:14:56.788] [kepler_formal_main_logger] [info] [KeplerFormal.cpp:1421] Loading library file: ./fakeram45_64x7.lib
[2026-06-09 12:14:56.789] [kepler_formal_main_logger] [info] [KeplerFormal.cpp:1421] Loading library file: ./fakeram45_64x15.lib
[2026-06-09 12:14:56.789] [kepler_formal_main_logger] [info] [KeplerFormal.cpp:1421] Loading library file: ./fakeram45_64x96.lib
[2026-06-09 12:14:56.789] [kepler_formal_main_logger] [info] [KeplerFormal.cpp:1758] Parsing verilog file(s) for design 2
[2026-06-09 12:15:00.440] [kepler_formal_main_logger] [info] [KeplerFormal.cpp:1786] Found top design: black_parrot
