[2026-05-25 12:20:45.269] [kepler_formal_main_logger] [info] [KeplerFormal.cpp:1102] KEPLER FORMAL: Run.
[2026-05-25 12:20:45.269] [kepler_formal_main_logger] [info] [KeplerFormal.cpp:1110] Input format: VERILOG
[2026-05-25 12:20:45.269] [kepler_formal_main_logger] [info] [KeplerFormal.cpp:1112] Run log: ./logs/asap7/aes-mbff/base/6_final_sec_check.log
[2026-05-25 12:20:45.269] [kepler_formal_main_logger] [info] [KeplerFormal.cpp:427] Netlist 1: ./1_synth_lec.v
[2026-05-25 12:20:45.269] [kepler_formal_main_logger] [info] [KeplerFormal.cpp:427] Netlist 2: ./6_final_lec.v
[2026-05-25 12:20:45.269] [kepler_formal_main_logger] [info] [KeplerFormal.cpp:1189] Solver: KISSAT
[2026-05-25 12:20:45.269] [kepler_formal_main_logger] [info] [KeplerFormal.cpp:1190] Verification: sec
[2026-05-25 12:20:45.269] [kepler_formal_main_logger] [info] [KeplerFormal.cpp:1192] SEC max_k: 32
[2026-05-25 12:20:45.269] [kepler_formal_main_logger] [info] [KeplerFormal.cpp:1193] SEC engine: pdr
[2026-05-25 12:20:45.269] [kepler_formal_main_logger] [info] [KeplerFormal.cpp:1194] SEC uncomputable sequentials: boundary abstraction
[2026-05-25 12:20:45.269] [kepler_formal_main_logger] [info] [KeplerFormal.cpp:1199] Compact mode: disabled
[2026-05-25 12:20:45.269] [kepler_formal_main_logger] [info] [KeplerFormal.cpp:1200] Skipped PO reports: disabled
[2026-05-25 12:20:45.269] [kepler_formal_main_logger] [info] [KeplerFormal.cpp:1202] Library: ./asap7sc7p5t_AO_RVT_FF_nldm_211120.lib.gz
[2026-05-25 12:20:45.269] [kepler_formal_main_logger] [info] [KeplerFormal.cpp:1202] Library: ./asap7sc7p5t_INVBUF_RVT_FF_nldm_220122.lib.gz
[2026-05-25 12:20:45.269] [kepler_formal_main_logger] [info] [KeplerFormal.cpp:1202] Library: ./asap7sc7p5t_OA_RVT_FF_nldm_211120.lib.gz
[2026-05-25 12:20:45.269] [kepler_formal_main_logger] [info] [KeplerFormal.cpp:1202] Library: ./asap7sc7p5t_SIMPLE_RVT_FF_nldm_211120.lib.gz
[2026-05-25 12:20:45.269] [kepler_formal_main_logger] [info] [KeplerFormal.cpp:1202] Library: ./asap7sc7p5t_SEQ_RVT_FF_nldm_220123.lib
[2026-05-25 12:20:45.269] [kepler_formal_main_logger] [info] [KeplerFormal.cpp:1202] Library: ./asap7sc7p5t_DFFHQNH2V2X_RVT_FF_nldm_FAKE.lib
[2026-05-25 12:20:45.269] [kepler_formal_main_logger] [info] [KeplerFormal.cpp:1202] Library: ./asap7sc7p5t_DFFHQNV2X_RVT_FF_nldm_FAKE.lib
[2026-05-25 12:20:45.269] [kepler_formal_main_logger] [info] [KeplerFormal.cpp:1292] Loading library file: ./asap7sc7p5t_AO_RVT_FF_nldm_211120.lib.gz
[2026-05-25 12:20:45.475] [kepler_formal_main_logger] [info] [KeplerFormal.cpp:1292] Loading library file: ./asap7sc7p5t_INVBUF_RVT_FF_nldm_220122.lib.gz
[2026-05-25 12:20:45.478] [kepler_formal_main_logger] [info] [KeplerFormal.cpp:1292] Loading library file: ./asap7sc7p5t_OA_RVT_FF_nldm_211120.lib.gz
[2026-05-25 12:20:45.646] [kepler_formal_main_logger] [info] [KeplerFormal.cpp:1292] Loading library file: ./asap7sc7p5t_SIMPLE_RVT_FF_nldm_211120.lib.gz
[2026-05-25 12:20:45.661] [kepler_formal_main_logger] [info] [KeplerFormal.cpp:1292] Loading library file: ./asap7sc7p5t_SEQ_RVT_FF_nldm_220123.lib
[2026-05-25 12:20:45.671] [kepler_formal_main_logger] [info] [KeplerFormal.cpp:1292] Loading library file: ./asap7sc7p5t_DFFHQNH2V2X_RVT_FF_nldm_FAKE.lib
[2026-05-25 12:20:45.672] [kepler_formal_main_logger] [critical] [KeplerFormal.cpp:1687] Netlist loading failed: Direction not found for bundle member D0
