[2026-06-12 19:18:17.759] [kepler_formal_main_logger] [info] [KeplerFormal.cpp:1221] KEPLER FORMAL: Run.
[2026-06-12 19:18:17.759] [kepler_formal_main_logger] [info] [KeplerFormal.cpp:1229] Input format: VERILOG
[2026-06-12 19:18:17.759] [kepler_formal_main_logger] [info] [KeplerFormal.cpp:1231] Run log: ./logs/asap7/mock-cpu/base/6_final_sec_check.log
[2026-06-12 19:18:17.759] [kepler_formal_main_logger] [info] [KeplerFormal.cpp:502] Netlist 1: ./1_synth_lec.v
[2026-06-12 19:18:17.759] [kepler_formal_main_logger] [info] [KeplerFormal.cpp:502] Netlist 2: ./6_final_lec.v
[2026-06-12 19:18:17.759] [kepler_formal_main_logger] [info] [KeplerFormal.cpp:1312] Solver: KISSAT
[2026-06-12 19:18:17.759] [kepler_formal_main_logger] [info] [KeplerFormal.cpp:1313] Verification: sec
[2026-06-12 19:18:17.759] [kepler_formal_main_logger] [info] [KeplerFormal.cpp:1315] SEC max_k: 32
[2026-06-12 19:18:17.759] [kepler_formal_main_logger] [info] [KeplerFormal.cpp:1316] SEC engine: pdr
[2026-06-12 19:18:17.759] [kepler_formal_main_logger] [info] [KeplerFormal.cpp:1317] SEC encoding: dual_rail_steady
[2026-06-12 19:18:17.759] [kepler_formal_main_logger] [info] [KeplerFormal.cpp:1318] SEC uncomputable sequentials: boundary abstraction
[2026-06-12 19:18:17.759] [kepler_formal_main_logger] [info] [KeplerFormal.cpp:1323] Compact mode: disabled
[2026-06-12 19:18:17.759] [kepler_formal_main_logger] [info] [KeplerFormal.cpp:1324] Skipped PO reports: disabled
[2026-06-12 19:18:17.759] [kepler_formal_main_logger] [info] [KeplerFormal.cpp:1326] Library: ./asap7sc7p5t_AO_RVT_FF_nldm_211120.lib.gz
[2026-06-12 19:18:17.759] [kepler_formal_main_logger] [info] [KeplerFormal.cpp:1326] Library: ./asap7sc7p5t_INVBUF_RVT_FF_nldm_220122.lib.gz
[2026-06-12 19:18:17.759] [kepler_formal_main_logger] [info] [KeplerFormal.cpp:1326] Library: ./asap7sc7p5t_OA_RVT_FF_nldm_211120.lib.gz
[2026-06-12 19:18:17.759] [kepler_formal_main_logger] [info] [KeplerFormal.cpp:1326] Library: ./asap7sc7p5t_SIMPLE_RVT_FF_nldm_211120.lib.gz
[2026-06-12 19:18:17.759] [kepler_formal_main_logger] [info] [KeplerFormal.cpp:1326] Library: ./asap7sc7p5t_SEQ_RVT_FF_nldm_220123.lib
[2026-06-12 19:18:17.759] [kepler_formal_main_logger] [info] [KeplerFormal.cpp:1422] Loading library file: ./asap7sc7p5t_AO_RVT_FF_nldm_211120.lib.gz
[2026-06-12 19:18:17.970] [kepler_formal_main_logger] [info] [KeplerFormal.cpp:1422] Loading library file: ./asap7sc7p5t_INVBUF_RVT_FF_nldm_220122.lib.gz
[2026-06-12 19:18:17.973] [kepler_formal_main_logger] [info] [KeplerFormal.cpp:1422] Loading library file: ./asap7sc7p5t_OA_RVT_FF_nldm_211120.lib.gz
[2026-06-12 19:18:18.143] [kepler_formal_main_logger] [info] [KeplerFormal.cpp:1422] Loading library file: ./asap7sc7p5t_SIMPLE_RVT_FF_nldm_211120.lib.gz
[2026-06-12 19:18:18.158] [kepler_formal_main_logger] [info] [KeplerFormal.cpp:1422] Loading library file: ./asap7sc7p5t_SEQ_RVT_FF_nldm_220123.lib
[2026-06-12 19:18:18.167] [kepler_formal_main_logger] [info] [KeplerFormal.cpp:1679] Parsing verilog file(s) for design 1
[2026-06-12 19:18:18.670] [kepler_formal_main_logger] [info] [KeplerFormal.cpp:1708] Found top design: mock_cpu
[2026-06-12 19:18:18.670] [kepler_formal_main_logger] [info] [KeplerFormal.cpp:1422] Loading library file: ./asap7sc7p5t_AO_RVT_FF_nldm_211120.lib.gz
