
==========================================================================
resizer report_tns
--------------------------------------------------------------------------
tns max -1575.86

==========================================================================
resizer report_wns
--------------------------------------------------------------------------
wns max -46.55

==========================================================================
resizer report_worst_slack
--------------------------------------------------------------------------
worst slack max -46.55

==========================================================================
resizer report_clock_min_period
--------------------------------------------------------------------------
clk period_min = 426.55 fmax = 2344.37

==========================================================================
resizer report_checks -path_delay min
--------------------------------------------------------------------------
Startpoint: text_in_r[125]$_DFFE_PP_
            (rising edge-triggered flip-flop clocked by clk)
Endpoint: text_in_r[125]$_DFFE_PP_
          (rising edge-triggered flip-flop clocked by clk)
Path Group: clk
Path Type: min

Fanout     Cap    Slew   Delay    Time   Description
-----------------------------------------------------------------------------
                  0.00    0.00    0.00   clock clk (rise edge)
                          0.00    0.00   clock network delay (ideal)
                  0.00    0.00    0.00 ^ text_in_r[125]$_DFFE_PP_/CLK (DFFHQNx1_ASAP7_75t_R)
     2    1.24   15.83   34.59   34.59 ^ text_in_r[125]$_DFFE_PP_/QN (DFFHQNx1_ASAP7_75t_R)
                                         _00551_ (net)
                 15.83    0.04   34.64 ^ _30434_/B (NOR2x1_ASAP7_75t_R)
     1    0.53    7.83    8.52   43.15 v _30434_/Y (NOR2x1_ASAP7_75t_R)
                                         _07800_ (net)
                  7.83    0.02   43.17 v _30435_/B (AO21x1_ASAP7_75t_R)
     1    0.62    6.07   12.83   56.00 v _30435_/Y (AO21x1_ASAP7_75t_R)
                                         _01437_ (net)
                  6.07    0.02   56.02 v text_in_r[125]$_DFFE_PP_/D (DFFHQNx1_ASAP7_75t_R)
                                 56.02   data arrival time

                  0.00    0.00    0.00   clock clk (rise edge)
                          0.00    0.00   clock network delay (ideal)
                          0.00    0.00   clock reconvergence pessimism
                                  0.00 ^ text_in_r[125]$_DFFE_PP_/CLK (DFFHQNx1_ASAP7_75t_R)
                          8.64    8.64   library hold time
                                  8.64   data required time
-----------------------------------------------------------------------------
                                  8.64   data required time
                                -56.02   data arrival time
-----------------------------------------------------------------------------
                                 47.37   slack (MET)



==========================================================================
resizer report_checks -path_delay max
--------------------------------------------------------------------------
Startpoint: sa23_sr[7]$_DFF_P_ (rising edge-triggered flip-flop clocked by clk)
Endpoint: sa12_sr[0]$_DFF_P_ (rising edge-triggered flip-flop clocked by clk)
Path Group: clk
Path Type: max

Fanout     Cap    Slew   Delay    Time   Description
-----------------------------------------------------------------------------
                  0.00    0.00    0.00   clock clk (rise edge)
                          0.00    0.00   clock network delay (ideal)
                  0.00    0.00    0.00 ^ sa23_sr[7]$_DFF_P_/CLK (DFFHQNx1_ASAP7_75t_R)
     3    5.65   40.04   47.49   47.49 v sa23_sr[7]$_DFF_P_/QN (DFFHQNx1_ASAP7_75t_R)
                                         _00670_ (net)
                 40.49    2.37   49.86 v _23940_/A (XOR2x2_ASAP7_75t_R)
     4    4.33   18.59   38.15   88.01 v _23940_/Y (XOR2x2_ASAP7_75t_R)
                                         _01589_ (net)
                 18.60    0.19   88.19 v _23941_/A (XOR2x2_ASAP7_75t_R)
     2    3.40   17.18   35.18  123.38 ^ _23941_/Y (XOR2x2_ASAP7_75t_R)
                                         _01590_ (net)
                 17.19    0.18  123.56 ^ _23942_/A (NAND2x1p5_ASAP7_75t_R)
     1    1.27   10.33    8.78  132.34 v _23942_/Y (NAND2x1p5_ASAP7_75t_R)
                                         _01591_ (net)
                 10.33    0.04  132.38 v _23943_/A1 (AOI21x1_ASAP7_75t_R)
     2    2.72   22.04   13.39  145.77 ^ _23943_/Y (AOI21x1_ASAP7_75t_R)
                                         _01592_ (net)
                 22.06    0.38  146.14 ^ _24028_/A1 (OAI21x1_ASAP7_75t_R)
     1    1.69   17.04   10.29  156.43 v _24028_/Y (OAI21x1_ASAP7_75t_R)
                                         _01672_ (net)
                 17.04    0.06  156.49 v _24030_/B (NAND2x1p5_ASAP7_75t_R)
     2    2.31   15.43   12.98  169.47 ^ _24030_/Y (NAND2x1p5_ASAP7_75t_R)
                                         _01674_ (net)
                 15.43    0.14  169.61 ^ place5724/A (BUFx3_ASAP7_75t_R)
    18   23.93   54.29   33.98  203.59 ^ place5724/Y (BUFx3_ASAP7_75t_R)
                                         net5724 (net)
                 54.43    1.56  205.15 ^ _30846_/B (HAxp5_ASAP7_75t_R)
     3    2.04   39.22   29.68  234.83 v _30846_/CON (HAxp5_ASAP7_75t_R)
                                         _01212_ (net)
                 39.22    0.06  234.90 v _24034_/A (INVx1_ASAP7_75t_R)
     3    3.85   32.14   24.19  259.09 ^ _24034_/Y (INVx1_ASAP7_75t_R)
                                         _01678_ (net)
                 32.15    0.11  259.20 ^ _24071_/B (OAI21x1_ASAP7_75t_R)
     2    2.16   19.42   15.57  274.77 v _24071_/Y (OAI21x1_ASAP7_75t_R)
                                         _01715_ (net)
                 19.43    0.29  275.06 v _24072_/A (INVx1_ASAP7_75t_R)
     2    1.67   15.03   12.09  287.15 ^ _24072_/Y (INVx1_ASAP7_75t_R)
                                         _01716_ (net)
                 15.03    0.03  287.19 ^ _24074_/A1 (AO21x1_ASAP7_75t_R)
     3    4.45   30.42   24.13  311.32 ^ _24074_/Y (AO21x1_ASAP7_75t_R)
                                         _01718_ (net)
                 30.45    0.52  311.84 ^ _24075_/B (NOR2x1_ASAP7_75t_R)
     1    1.08   13.84   13.29  325.13 v _24075_/Y (NOR2x1_ASAP7_75t_R)
                                         _01719_ (net)
                 13.84    0.03  325.16 v _24076_/B (NAND2x1_ASAP7_75t_R)
     1    1.26   18.92   11.72  336.88 ^ _24076_/Y (NAND2x1_ASAP7_75t_R)
                                         _01720_ (net)
                 18.92    0.04  336.92 ^ _24090_/A1 (AOI21x1_ASAP7_75t_R)
     1    1.17   13.38   10.64  347.56 v _24090_/Y (AOI21x1_ASAP7_75t_R)
                                         _01734_ (net)
                 13.38    0.06  347.61 v _24091_/A (NAND2x1_ASAP7_75t_R)
     1    1.64   17.62   14.58  362.19 ^ _24091_/Y (NAND2x1_ASAP7_75t_R)
                                         _01735_ (net)
                 17.63    0.18  362.38 ^ _24138_/B (NAND2x1_ASAP7_75t_R)
     1    1.21   11.77   10.03  372.40 v _24138_/Y (NAND2x1_ASAP7_75t_R)
                                         _01782_ (net)
                 11.77    0.06  372.46 v _24205_/B (NAND2x1_ASAP7_75t_R)
     1    8.14   64.94   30.44  402.90 ^ _24205_/Y (NAND2x1_ASAP7_75t_R)
                                         _00088_ (net)
                 66.92    6.13  409.03 ^ sa12_sr[0]$_DFF_P_/D (DFFHQNx1_ASAP7_75t_R)
                                409.03   data arrival time

                  0.00  380.00  380.00   clock clk (rise edge)
                          0.00  380.00   clock network delay (ideal)
                          0.00  380.00   clock reconvergence pessimism
                                380.00 ^ sa12_sr[0]$_DFF_P_/CLK (DFFHQNx1_ASAP7_75t_R)
                        -17.52  362.48   library setup time
                                362.48   data required time
-----------------------------------------------------------------------------
                                362.48   data required time
                               -409.03   data arrival time
-----------------------------------------------------------------------------
                                -46.55   slack (VIOLATED)



==========================================================================
resizer report_checks -unconstrained
--------------------------------------------------------------------------
Startpoint: sa23_sr[7]$_DFF_P_ (rising edge-triggered flip-flop clocked by clk)
Endpoint: sa12_sr[0]$_DFF_P_ (rising edge-triggered flip-flop clocked by clk)
Path Group: clk
Path Type: max

Fanout     Cap    Slew   Delay    Time   Description
-----------------------------------------------------------------------------
                  0.00    0.00    0.00   clock clk (rise edge)
                          0.00    0.00   clock network delay (ideal)
                  0.00    0.00    0.00 ^ sa23_sr[7]$_DFF_P_/CLK (DFFHQNx1_ASAP7_75t_R)
     3    5.65   40.04   47.49   47.49 v sa23_sr[7]$_DFF_P_/QN (DFFHQNx1_ASAP7_75t_R)
                                         _00670_ (net)
                 40.49    2.37   49.86 v _23940_/A (XOR2x2_ASAP7_75t_R)
     4    4.33   18.59   38.15   88.01 v _23940_/Y (XOR2x2_ASAP7_75t_R)
                                         _01589_ (net)
                 18.60    0.19   88.19 v _23941_/A (XOR2x2_ASAP7_75t_R)
     2    3.40   17.18   35.18  123.38 ^ _23941_/Y (XOR2x2_ASAP7_75t_R)
                                         _01590_ (net)
                 17.19    0.18  123.56 ^ _23942_/A (NAND2x1p5_ASAP7_75t_R)
     1    1.27   10.33    8.78  132.34 v _23942_/Y (NAND2x1p5_ASAP7_75t_R)
                                         _01591_ (net)
                 10.33    0.04  132.38 v _23943_/A1 (AOI21x1_ASAP7_75t_R)
     2    2.72   22.04   13.39  145.77 ^ _23943_/Y (AOI21x1_ASAP7_75t_R)
                                         _01592_ (net)
                 22.06    0.38  146.14 ^ _24028_/A1 (OAI21x1_ASAP7_75t_R)
     1    1.69   17.04   10.29  156.43 v _24028_/Y (OAI21x1_ASAP7_75t_R)
                                         _01672_ (net)
                 17.04    0.06  156.49 v _24030_/B (NAND2x1p5_ASAP7_75t_R)
     2    2.31   15.43   12.98  169.47 ^ _24030_/Y (NAND2x1p5_ASAP7_75t_R)
                                         _01674_ (net)
                 15.43    0.14  169.61 ^ place5724/A (BUFx3_ASAP7_75t_R)
    18   23.93   54.29   33.98  203.59 ^ place5724/Y (BUFx3_ASAP7_75t_R)
                                         net5724 (net)
                 54.43    1.56  205.15 ^ _30846_/B (HAxp5_ASAP7_75t_R)
     3    2.04   39.22   29.68  234.83 v _30846_/CON (HAxp5_ASAP7_75t_R)
                                         _01212_ (net)
                 39.22    0.06  234.90 v _24034_/A (INVx1_ASAP7_75t_R)
     3    3.85   32.14   24.19  259.09 ^ _24034_/Y (INVx1_ASAP7_75t_R)
                                         _01678_ (net)
                 32.15    0.11  259.20 ^ _24071_/B (OAI21x1_ASAP7_75t_R)
     2    2.16   19.42   15.57  274.77 v _24071_/Y (OAI21x1_ASAP7_75t_R)
                                         _01715_ (net)
                 19.43    0.29  275.06 v _24072_/A (INVx1_ASAP7_75t_R)
     2    1.67   15.03   12.09  287.15 ^ _24072_/Y (INVx1_ASAP7_75t_R)
                                         _01716_ (net)
                 15.03    0.03  287.19 ^ _24074_/A1 (AO21x1_ASAP7_75t_R)
     3    4.45   30.42   24.13  311.32 ^ _24074_/Y (AO21x1_ASAP7_75t_R)
                                         _01718_ (net)
                 30.45    0.52  311.84 ^ _24075_/B (NOR2x1_ASAP7_75t_R)
     1    1.08   13.84   13.29  325.13 v _24075_/Y (NOR2x1_ASAP7_75t_R)
                                         _01719_ (net)
                 13.84    0.03  325.16 v _24076_/B (NAND2x1_ASAP7_75t_R)
     1    1.26   18.92   11.72  336.88 ^ _24076_/Y (NAND2x1_ASAP7_75t_R)
                                         _01720_ (net)
                 18.92    0.04  336.92 ^ _24090_/A1 (AOI21x1_ASAP7_75t_R)
     1    1.17   13.38   10.64  347.56 v _24090_/Y (AOI21x1_ASAP7_75t_R)
                                         _01734_ (net)
                 13.38    0.06  347.61 v _24091_/A (NAND2x1_ASAP7_75t_R)
     1    1.64   17.62   14.58  362.19 ^ _24091_/Y (NAND2x1_ASAP7_75t_R)
                                         _01735_ (net)
                 17.63    0.18  362.38 ^ _24138_/B (NAND2x1_ASAP7_75t_R)
     1    1.21   11.77   10.03  372.40 v _24138_/Y (NAND2x1_ASAP7_75t_R)
                                         _01782_ (net)
                 11.77    0.06  372.46 v _24205_/B (NAND2x1_ASAP7_75t_R)
     1    8.14   64.94   30.44  402.90 ^ _24205_/Y (NAND2x1_ASAP7_75t_R)
                                         _00088_ (net)
                 66.92    6.13  409.03 ^ sa12_sr[0]$_DFF_P_/D (DFFHQNx1_ASAP7_75t_R)
                                409.03   data arrival time

                  0.00  380.00  380.00   clock clk (rise edge)
                          0.00  380.00   clock network delay (ideal)
                          0.00  380.00   clock reconvergence pessimism
                                380.00 ^ sa12_sr[0]$_DFF_P_/CLK (DFFHQNx1_ASAP7_75t_R)
                        -17.52  362.48   library setup time
                                362.48   data required time
-----------------------------------------------------------------------------
                                362.48   data required time
                               -409.03   data arrival time
-----------------------------------------------------------------------------
                                -46.55   slack (VIOLATED)



==========================================================================
resizer report_check_types -max_slew -max_cap -max_fanout -violators
--------------------------------------------------------------------------

==========================================================================
resizer max_slew_check_slack
--------------------------------------------------------------------------
184.621826171875

==========================================================================
resizer max_slew_check_limit
--------------------------------------------------------------------------
320.0

==========================================================================
resizer max_slew_check_slack_limit
--------------------------------------------------------------------------
0.5769

==========================================================================
resizer max_fanout_check_slack
--------------------------------------------------------------------------
1.0000000150474662e+30

==========================================================================
resizer max_fanout_check_limit
--------------------------------------------------------------------------
1.0000000150474662e+30

==========================================================================
resizer max_capacitance_check_slack
--------------------------------------------------------------------------
11.409039497375488

==========================================================================
resizer max_capacitance_check_limit
--------------------------------------------------------------------------
23.040000915527344

==========================================================================
resizer max_capacitance_check_slack_limit
--------------------------------------------------------------------------
0.4952

==========================================================================
resizer max_slew_violation_count
--------------------------------------------------------------------------
max slew violation count 0

==========================================================================
resizer max_fanout_violation_count
--------------------------------------------------------------------------
max fanout violation count 0

==========================================================================
resizer max_cap_violation_count
--------------------------------------------------------------------------
max cap violation count 0

==========================================================================
resizer setup_violation_count
--------------------------------------------------------------------------
setup violation count 148

==========================================================================
resizer hold_violation_count
--------------------------------------------------------------------------
hold violation count 0

==========================================================================
resizer report_checks -path_delay max reg to reg
--------------------------------------------------------------------------
Startpoint: sa23_sr[7]$_DFF_P_ (rising edge-triggered flip-flop clocked by clk)
Endpoint: sa12_sr[0]$_DFF_P_ (rising edge-triggered flip-flop clocked by clk)
Path Group: clk
Path Type: max

  Delay    Time   Description
---------------------------------------------------------
   0.00    0.00   clock clk (rise edge)
   0.00    0.00   clock network delay (ideal)
   0.00    0.00 ^ sa23_sr[7]$_DFF_P_/CLK (DFFHQNx1_ASAP7_75t_R)
  47.49   47.49 v sa23_sr[7]$_DFF_P_/QN (DFFHQNx1_ASAP7_75t_R)
  40.52   88.01 v _23940_/Y (XOR2x2_ASAP7_75t_R)
  35.37  123.38 ^ _23941_/Y (XOR2x2_ASAP7_75t_R)
   8.96  132.34 v _23942_/Y (NAND2x1p5_ASAP7_75t_R)
  13.43  145.77 ^ _23943_/Y (AOI21x1_ASAP7_75t_R)
  10.66  156.43 v _24028_/Y (OAI21x1_ASAP7_75t_R)
  13.04  169.47 ^ _24030_/Y (NAND2x1p5_ASAP7_75t_R)
  34.12  203.59 ^ place5724/Y (BUFx3_ASAP7_75t_R)
  31.24  234.83 v _30846_/CON (HAxp5_ASAP7_75t_R)
  24.25  259.09 ^ _24034_/Y (INVx1_ASAP7_75t_R)
  15.68  274.77 v _24071_/Y (OAI21x1_ASAP7_75t_R)
  12.38  287.15 ^ _24072_/Y (INVx1_ASAP7_75t_R)
  24.17  311.32 ^ _24074_/Y (AO21x1_ASAP7_75t_R)
  13.81  325.13 v _24075_/Y (NOR2x1_ASAP7_75t_R)
  11.75  336.88 ^ _24076_/Y (NAND2x1_ASAP7_75t_R)
  10.68  347.56 v _24090_/Y (AOI21x1_ASAP7_75t_R)
  14.64  362.19 ^ _24091_/Y (NAND2x1_ASAP7_75t_R)
  10.21  372.40 v _24138_/Y (NAND2x1_ASAP7_75t_R)
  30.50  402.90 ^ _24205_/Y (NAND2x1_ASAP7_75t_R)
   6.13  409.03 ^ sa12_sr[0]$_DFF_P_/D (DFFHQNx1_ASAP7_75t_R)
         409.03   data arrival time

 380.00  380.00   clock clk (rise edge)
   0.00  380.00   clock network delay (ideal)
   0.00  380.00   clock reconvergence pessimism
         380.00 ^ sa12_sr[0]$_DFF_P_/CLK (DFFHQNx1_ASAP7_75t_R)
 -17.52  362.48   library setup time
         362.48   data required time
---------------------------------------------------------
         362.48   data required time
        -409.03   data arrival time
---------------------------------------------------------
         -46.55   slack (VIOLATED)



==========================================================================
resizer report_checks -path_delay min reg to reg
--------------------------------------------------------------------------
Startpoint: text_in_r[125]$_DFFE_PP_
            (rising edge-triggered flip-flop clocked by clk)
Endpoint: text_in_r[125]$_DFFE_PP_
          (rising edge-triggered flip-flop clocked by clk)
Path Group: clk
Path Type: min

  Delay    Time   Description
---------------------------------------------------------
   0.00    0.00   clock clk (rise edge)
   0.00    0.00   clock network delay (ideal)
   0.00    0.00 ^ text_in_r[125]$_DFFE_PP_/CLK (DFFHQNx1_ASAP7_75t_R)
  34.59   34.59 ^ text_in_r[125]$_DFFE_PP_/QN (DFFHQNx1_ASAP7_75t_R)
   8.56   43.15 v _30434_/Y (NOR2x1_ASAP7_75t_R)
  12.84   56.00 v _30435_/Y (AO21x1_ASAP7_75t_R)
   0.02   56.02 v text_in_r[125]$_DFFE_PP_/D (DFFHQNx1_ASAP7_75t_R)
          56.02   data arrival time

   0.00    0.00   clock clk (rise edge)
   0.00    0.00   clock network delay (ideal)
   0.00    0.00   clock reconvergence pessimism
           0.00 ^ text_in_r[125]$_DFFE_PP_/CLK (DFFHQNx1_ASAP7_75t_R)
   8.64    8.64   library hold time
           8.64   data required time
---------------------------------------------------------
           8.64   data required time
         -56.02   data arrival time
---------------------------------------------------------
          47.37   slack (MET)



==========================================================================
resizer critical path target clock latency max path
--------------------------------------------------------------------------
0.0000

==========================================================================
resizer critical path target clock latency min path
--------------------------------------------------------------------------
0.0000

==========================================================================
resizer critical path source clock latency min path
--------------------------------------------------------------------------
0.0000

==========================================================================
resizer critical path delay
--------------------------------------------------------------------------
409.0300

==========================================================================
resizer critical path slack
--------------------------------------------------------------------------
-46.5543

==========================================================================
resizer slack div critical path delay
--------------------------------------------------------------------------
-11.381635

==========================================================================
resizer report_power
--------------------------------------------------------------------------
Group                  Internal  Switching    Leakage      Total
                          Power      Power      Power      Power (Watts)
----------------------------------------------------------------
Sequential             4.66e-03   1.29e-03   8.62e-08   5.95e-03   4.2%
Combinational          5.33e-02   8.30e-02   1.16e-06   1.36e-01  95.8%
Clock                  0.00e+00   0.00e+00   0.00e+00   0.00e+00   0.0%
Macro                  0.00e+00   0.00e+00   0.00e+00   0.00e+00   0.0%
Pad                    0.00e+00   0.00e+00   0.00e+00   0.00e+00   0.0%
----------------------------------------------------------------
Total                  5.80e-02   8.43e-02   1.24e-06   1.42e-01 100.0%
                          40.7%      59.2%       0.0%
