
==========================================================================
resizer report_tns
--------------------------------------------------------------------------
tns max 0.00

==========================================================================
resizer report_wns
--------------------------------------------------------------------------
wns max 0.00

==========================================================================
resizer report_worst_slack
--------------------------------------------------------------------------
worst slack max 11.06

==========================================================================
resizer report_clock_min_period
--------------------------------------------------------------------------
clock period_min = 8.94 fmax = 111.88

==========================================================================
resizer report_checks -path_delay min
--------------------------------------------------------------------------
Startpoint: io_i2c_scl_read_buffercc/buffers_0$_SDFF_PN1_
            (rising edge-triggered flip-flop clocked by clock)
Endpoint: io_i2c_scl_read_buffercc/buffers_1$_SDFF_PN1_
          (rising edge-triggered flip-flop clocked by clock)
Path Group: clock
Path Type: min
Corner: fast

Fanout     Cap    Slew   Delay    Time   Description
-----------------------------------------------------------------------------
                  0.25    0.00    0.00   clock clock (rise edge)
                          0.00    0.00   clock network delay (ideal)
                  0.25    0.00    0.00 ^ io_i2c_scl_read_buffercc/buffers_0$_SDFF_PN1_/CLK (sg13g2_dfrbpq_1)
     1    0.00    0.01    0.16    0.16 v io_i2c_scl_read_buffercc/buffers_0$_SDFF_PN1_/Q (sg13g2_dfrbpq_1)
                                         io_i2c_scl_read_buffercc/buffers_0 (net)
                  0.01    0.00    0.16 v io_i2c_scl_read_buffercc/_4_/A_N (sg13g2_nand2b_1)
     1    0.00    0.02    0.04    0.20 v io_i2c_scl_read_buffercc/_4_/Y (sg13g2_nand2b_1)
                                         io_i2c_scl_read_buffercc/_1_ (net)
                  0.02    0.00    0.20 v io_i2c_scl_read_buffercc/buffers_1$_SDFF_PN1_/D (sg13g2_dfrbpq_1)
                                  0.20   data arrival time

                  0.25    0.00    0.00   clock clock (rise edge)
                          0.00    0.00   clock network delay (ideal)
                          0.15    0.15   clock uncertainty
                          0.00    0.15   clock reconvergence pessimism
                                  0.15 ^ io_i2c_scl_read_buffercc/buffers_1$_SDFF_PN1_/CLK (sg13g2_dfrbpq_1)
                          0.01    0.16   library hold time
                                  0.16   data required time
-----------------------------------------------------------------------------
                                  0.16   data required time
                                 -0.20   data arrival time
-----------------------------------------------------------------------------
                                  0.04   slack (MET)



==========================================================================
resizer report_checks -path_delay max
--------------------------------------------------------------------------
Startpoint: io_rsp_valid (input port clocked by clock)
Endpoint: io_rsp_ready (output port clocked by clock)
Path Group: clock
Path Type: max
Corner: slow

Fanout     Cap    Slew   Delay    Time   Description
-----------------------------------------------------------------------------
                  0.25    0.00    0.00   clock clock (rise edge)
                          0.00    0.00   clock network delay (ideal)
                          4.00    4.00 ^ input external delay
     1    0.01    0.00    0.00    4.00 ^ io_rsp_valid (in)
                                         io_rsp_valid (net)
                  0.00    0.00    4.00 ^ input131/A (sg13g2_buf_1)
     2    0.01    0.06    0.10    4.10 ^ input131/X (sg13g2_buf_1)
                                         net130 (net)
                  0.06    0.00    4.10 ^ _420_/A (sg13g2_inv_1)
     2    0.01    0.05    0.07    4.16 v _420_/Y (sg13g2_inv_1)
                                         _128_ (net)
                  0.05    0.00    4.16 v _433_/C (sg13g2_nor3_1)
     5    0.02    0.44    0.38    4.55 ^ _433_/Y (sg13g2_nor3_1)
                                         net144 (net)
                  0.44    0.00    4.55 ^ output145/A (sg13g2_buf_1)
     1    0.00    0.06    0.24    4.79 ^ output145/X (sg13g2_buf_1)
                                         io_rsp_ready (net)
                  0.06    0.00    4.79 ^ io_rsp_ready (out)
                                  4.79   data arrival time

                  0.25   20.00   20.00   clock clock (rise edge)
                          0.00   20.00   clock network delay (ideal)
                         -0.15   19.85   clock uncertainty
                          0.00   19.85   clock reconvergence pessimism
                         -4.00   15.85   output external delay
                                 15.85   data required time
-----------------------------------------------------------------------------
                                 15.85   data required time
                                 -4.79   data arrival time
-----------------------------------------------------------------------------
                                 11.06   slack (MET)



==========================================================================
resizer report_checks -unconstrained
--------------------------------------------------------------------------
Startpoint: io_rsp_valid (input port clocked by clock)
Endpoint: io_rsp_ready (output port clocked by clock)
Path Group: clock
Path Type: max
Corner: slow

Fanout     Cap    Slew   Delay    Time   Description
-----------------------------------------------------------------------------
                  0.25    0.00    0.00   clock clock (rise edge)
                          0.00    0.00   clock network delay (ideal)
                          4.00    4.00 ^ input external delay
     1    0.01    0.00    0.00    4.00 ^ io_rsp_valid (in)
                                         io_rsp_valid (net)
                  0.00    0.00    4.00 ^ input131/A (sg13g2_buf_1)
     2    0.01    0.06    0.10    4.10 ^ input131/X (sg13g2_buf_1)
                                         net130 (net)
                  0.06    0.00    4.10 ^ _420_/A (sg13g2_inv_1)
     2    0.01    0.05    0.07    4.16 v _420_/Y (sg13g2_inv_1)
                                         _128_ (net)
                  0.05    0.00    4.16 v _433_/C (sg13g2_nor3_1)
     5    0.02    0.44    0.38    4.55 ^ _433_/Y (sg13g2_nor3_1)
                                         net144 (net)
                  0.44    0.00    4.55 ^ output145/A (sg13g2_buf_1)
     1    0.00    0.06    0.24    4.79 ^ output145/X (sg13g2_buf_1)
                                         io_rsp_ready (net)
                  0.06    0.00    4.79 ^ io_rsp_ready (out)
                                  4.79   data arrival time

                  0.25   20.00   20.00   clock clock (rise edge)
                          0.00   20.00   clock network delay (ideal)
                         -0.15   19.85   clock uncertainty
                          0.00   19.85   clock reconvergence pessimism
                         -4.00   15.85   output external delay
                                 15.85   data required time
-----------------------------------------------------------------------------
                                 15.85   data required time
                                 -4.79   data arrival time
-----------------------------------------------------------------------------
                                 11.06   slack (MET)



==========================================================================
resizer report_check_types -max_slew -max_cap -max_fanout -violators
--------------------------------------------------------------------------

==========================================================================
resizer max_slew_check_slack
--------------------------------------------------------------------------
1.7265222072601318

==========================================================================
resizer max_slew_check_limit
--------------------------------------------------------------------------
2.5074000358581543

==========================================================================
resizer max_slew_check_slack_limit
--------------------------------------------------------------------------
0.6886

==========================================================================
resizer max_fanout_check_slack
--------------------------------------------------------------------------
0.0

==========================================================================
resizer max_fanout_check_limit
--------------------------------------------------------------------------
8.0

==========================================================================
resizer max_fanout_check_slack_limit
--------------------------------------------------------------------------
0.0000

==========================================================================
resizer max_capacitance_check_slack
--------------------------------------------------------------------------
0.2390369325876236

==========================================================================
resizer max_capacitance_check_limit
--------------------------------------------------------------------------
0.30000001192092896

==========================================================================
resizer max_capacitance_check_slack_limit
--------------------------------------------------------------------------
0.7968

==========================================================================
resizer max_slew_violation_count
--------------------------------------------------------------------------
max slew violation count 0

==========================================================================
resizer max_fanout_violation_count
--------------------------------------------------------------------------
max fanout violation count 0

==========================================================================
resizer max_cap_violation_count
--------------------------------------------------------------------------
max cap violation count 0

==========================================================================
resizer setup_violation_count
--------------------------------------------------------------------------
setup violation count 0

==========================================================================
resizer hold_violation_count
--------------------------------------------------------------------------
hold violation count 0

==========================================================================
resizer report_checks -path_delay max reg to reg
--------------------------------------------------------------------------
Startpoint: filter_timer_counter[0]$_SDFF_PN0_
            (rising edge-triggered flip-flop clocked by clock)
Endpoint: timeout_value[9]$_SDFFE_PN0P_
          (rising edge-triggered flip-flop clocked by clock)
Path Group: clock
Path Type: max
Corner: slow

  Delay    Time   Description
---------------------------------------------------------
   0.00    0.00   clock clock (rise edge)
   0.00    0.00   clock network delay (ideal)
   0.00    0.00 ^ filter_timer_counter[0]$_SDFF_PN0_/CLK (sg13g2_dfrbpq_1)
   0.46    0.46 v filter_timer_counter[0]$_SDFF_PN0_/Q (sg13g2_dfrbpq_1)
   0.46    0.92 ^ _518_/Y (sg13g2_nor4_2)
   0.38    1.30 ^ _521_/X (sg13g2_and3_1)
   0.60    1.90 v _638_/Y (sg13g2_nand3_1)
   0.43    2.33 v place188/X (sg13g2_buf_1)
   0.16    2.49 ^ _726_/Y (sg13g2_a21oi_1)
   0.14    2.63 ^ _727_/X (sg13g2_a21o_1)
   0.00    2.63 ^ timeout_value[9]$_SDFFE_PN0P_/D (sg13g2_dfrbpq_1)
           2.63   data arrival time

  20.00   20.00   clock clock (rise edge)
   0.00   20.00   clock network delay (ideal)
  -0.15   19.85   clock uncertainty
   0.00   19.85   clock reconvergence pessimism
          19.85 ^ timeout_value[9]$_SDFFE_PN0P_/CLK (sg13g2_dfrbpq_1)
  -0.15   19.70   library setup time
          19.70   data required time
---------------------------------------------------------
          19.70   data required time
          -2.63   data arrival time
---------------------------------------------------------
          17.07   slack (MET)



==========================================================================
resizer report_checks -path_delay min reg to reg
--------------------------------------------------------------------------
Startpoint: io_i2c_scl_read_buffercc/buffers_0$_SDFF_PN1_
            (rising edge-triggered flip-flop clocked by clock)
Endpoint: io_i2c_scl_read_buffercc/buffers_1$_SDFF_PN1_
          (rising edge-triggered flip-flop clocked by clock)
Path Group: clock
Path Type: min
Corner: fast

  Delay    Time   Description
---------------------------------------------------------
   0.00    0.00   clock clock (rise edge)
   0.00    0.00   clock network delay (ideal)
   0.00    0.00 ^ io_i2c_scl_read_buffercc/buffers_0$_SDFF_PN1_/CLK (sg13g2_dfrbpq_1)
   0.16    0.16 v io_i2c_scl_read_buffercc/buffers_0$_SDFF_PN1_/Q (sg13g2_dfrbpq_1)
   0.04    0.20 v io_i2c_scl_read_buffercc/_4_/Y (sg13g2_nand2b_1)
   0.00    0.20 v io_i2c_scl_read_buffercc/buffers_1$_SDFF_PN1_/D (sg13g2_dfrbpq_1)
           0.20   data arrival time

   0.00    0.00   clock clock (rise edge)
   0.00    0.00   clock network delay (ideal)
   0.15    0.15   clock uncertainty
   0.00    0.15   clock reconvergence pessimism
           0.15 ^ io_i2c_scl_read_buffercc/buffers_1$_SDFF_PN1_/CLK (sg13g2_dfrbpq_1)
   0.01    0.16   library hold time
           0.16   data required time
---------------------------------------------------------
           0.16   data required time
          -0.20   data arrival time
---------------------------------------------------------
           0.04   slack (MET)



==========================================================================
resizer critical path target clock latency max path
--------------------------------------------------------------------------
0.0000

==========================================================================
resizer critical path target clock latency min path
--------------------------------------------------------------------------
0.0000

==========================================================================
resizer critical path source clock latency min path
--------------------------------------------------------------------------
0.0000

==========================================================================
resizer critical path delay
--------------------------------------------------------------------------
4.7885

==========================================================================
resizer critical path slack
--------------------------------------------------------------------------
11.0615

==========================================================================
resizer slack div critical path delay
--------------------------------------------------------------------------
231.001357

==========================================================================
resizer report_power
--------------------------------------------------------------------------
Corner: slow
Group                  Internal  Switching    Leakage      Total
                          Power      Power      Power      Power (Watts)
----------------------------------------------------------------
Sequential             1.61e-04   7.74e-06   1.72e-07   1.69e-04  77.8%
Combinational          2.33e-05   2.46e-05   2.21e-07   4.81e-05  22.2%
Clock                  0.00e+00   0.00e+00   0.00e+00   0.00e+00   0.0%
Macro                  0.00e+00   0.00e+00   0.00e+00   0.00e+00   0.0%
Pad                    0.00e+00   0.00e+00   0.00e+00   0.00e+00   0.0%
----------------------------------------------------------------
Total                  1.84e-04   3.23e-05   3.92e-07   2.17e-04 100.0%
                          84.9%      14.9%       0.2%
Corner: typ
Group                  Internal  Switching    Leakage      Total
                          Power      Power      Power      Power (Watts)
----------------------------------------------------------------
Sequential             2.04e-04   1.00e-05   8.58e-08   2.14e-04  77.8%
Combinational          2.93e-05   3.18e-05   7.98e-08   6.12e-05  22.2%
Clock                  0.00e+00   0.00e+00   0.00e+00   0.00e+00   0.0%
Macro                  0.00e+00   0.00e+00   0.00e+00   0.00e+00   0.0%
Pad                    0.00e+00   0.00e+00   0.00e+00   0.00e+00   0.0%
----------------------------------------------------------------
Total                  2.33e-04   4.19e-05   1.66e-07   2.75e-04 100.0%
                          84.7%      15.2%       0.1%
Corner: fast
Group                  Internal  Switching    Leakage      Total
                          Power      Power      Power      Power (Watts)
----------------------------------------------------------------
Sequential             2.68e-04   1.29e-05   1.12e-07   2.81e-04  78.4%
Combinational          3.66e-05   4.07e-05   1.45e-07   7.74e-05  21.6%
Clock                  0.00e+00   0.00e+00   0.00e+00   0.00e+00   0.0%
Macro                  0.00e+00   0.00e+00   0.00e+00   0.00e+00   0.0%
Pad                    0.00e+00   0.00e+00   0.00e+00   0.00e+00   0.0%
----------------------------------------------------------------
Total                  3.05e-04   5.35e-05   2.58e-07   3.59e-04 100.0%
                          85.0%      14.9%       0.1%
