
==========================================================================
finish report_tns
--------------------------------------------------------------------------
tns max 0.00

==========================================================================
finish report_wns
--------------------------------------------------------------------------
wns max 0.00

==========================================================================
finish report_worst_slack
--------------------------------------------------------------------------
worst slack max 10.99

==========================================================================
finish report_clock_min_period
--------------------------------------------------------------------------
clock period_min = 9.01 fmax = 111.03

==========================================================================
finish report_clock_skew
--------------------------------------------------------------------------
Clock clock
   0.57 source latency filter_timer_counter[10]$_SDFF_PN0_/CLK ^
  -0.51 target latency filter_scl$_SDFFE_PN1P_/CLK ^
   0.15 clock uncertainty
  -0.03 CRPR
--------------
   0.18 setup skew


==========================================================================
finish report_checks -path_delay min
--------------------------------------------------------------------------
Startpoint: io_i2c_sda_read_buffercc/buffers_0$_SDFF_PN1_
            (rising edge-triggered flip-flop clocked by clock)
Endpoint: io_i2c_sda_read_buffercc/buffers_1$_SDFF_PN1_
          (rising edge-triggered flip-flop clocked by clock)
Path Group: clock
Path Type: min
Corner: fast

Fanout     Cap    Slew   Delay    Time   Description
-----------------------------------------------------------------------------
                          0.00    0.00   clock clock (rise edge)
                          0.00    0.00   clock source latency
     1    0.02    0.00    0.00    0.00 ^ clock (in)
                                         clock (net)
                  0.00    0.00    0.00 ^ clkbuf_0_clock/A (sg13g2_buf_4)
    16    0.18    0.13    0.12    0.12 ^ clkbuf_0_clock/X (sg13g2_buf_4)
                                         clknet_0_clock (net)
                  0.13    0.01    0.13 ^ clkbuf_4_2_0_clock/A (sg13g2_buf_8)
     5    0.02    0.02    0.08    0.21 ^ clkbuf_4_2_0_clock/X (sg13g2_buf_8)
                                         clknet_4_2_0_clock (net)
                  0.02    0.00    0.21 ^ io_i2c_sda_read_buffercc/buffers_0$_SDFF_PN1_/CLK (sg13g2_dfrbpq_1)
     1    0.00    0.01    0.10    0.32 v io_i2c_sda_read_buffercc/buffers_0$_SDFF_PN1_/Q (sg13g2_dfrbpq_1)
                                         io_i2c_sda_read_buffercc/buffers_0 (net)
                  0.01    0.00    0.32 v io_i2c_sda_read_buffercc/_4_/A_N (sg13g2_nand2b_1)
     1    0.00    0.02    0.04    0.36 v io_i2c_sda_read_buffercc/_4_/Y (sg13g2_nand2b_1)
                                         io_i2c_sda_read_buffercc/_1_ (net)
                  0.02    0.00    0.36 v io_i2c_sda_read_buffercc/buffers_1$_SDFF_PN1_/D (sg13g2_dfrbpq_1)
                                  0.36   data arrival time

                          0.00    0.00   clock clock (rise edge)
                          0.00    0.00   clock source latency
     1    0.02    0.00    0.00    0.00 ^ clock (in)
                                         clock (net)
                  0.00    0.00    0.00 ^ clkbuf_0_clock/A (sg13g2_buf_4)
    16    0.18    0.13    0.13    0.13 ^ clkbuf_0_clock/X (sg13g2_buf_4)
                                         clknet_0_clock (net)
                  0.13    0.01    0.14 ^ clkbuf_4_3_0_clock/A (sg13g2_buf_8)
     5    0.02    0.02    0.09    0.23 ^ clkbuf_4_3_0_clock/X (sg13g2_buf_8)
                                         clknet_4_3_0_clock (net)
                  0.02    0.00    0.23 ^ io_i2c_sda_read_buffercc/buffers_1$_SDFF_PN1_/CLK (sg13g2_dfrbpq_1)
                          0.15    0.38   clock uncertainty
                         -0.01    0.37   clock reconvergence pessimism
                         -0.02    0.35   library hold time
                                  0.35   data required time
-----------------------------------------------------------------------------
                                  0.35   data required time
                                 -0.36   data arrival time
-----------------------------------------------------------------------------
                                  0.01   slack (MET)



==========================================================================
finish report_checks -path_delay max
--------------------------------------------------------------------------
Startpoint: io_rsp_valid (input port clocked by clock)
Endpoint: io_rsp_ready (output port clocked by clock)
Path Group: clock
Path Type: max
Corner: slow

Fanout     Cap    Slew   Delay    Time   Description
-----------------------------------------------------------------------------
                          0.00    0.00   clock clock (rise edge)
                          0.00    0.00   clock network delay (propagated)
                          4.00    4.00 ^ input external delay
     1    0.00    0.00    0.00    4.00 ^ io_rsp_valid (in)
                                         io_rsp_valid (net)
                  0.00    0.00    4.00 ^ input131/A (sg13g2_buf_1)
     2    0.01    0.07    0.10    4.10 ^ input131/X (sg13g2_buf_1)
                                         net130 (net)
                  0.07    0.00    4.10 ^ _420_/A (sg13g2_inv_1)
     2    0.01    0.05    0.08    4.18 v _420_/Y (sg13g2_inv_1)
                                         _128_ (net)
                  0.05    0.00    4.18 v _433_/C (sg13g2_nor3_1)
     5    0.02    0.49    0.43    4.61 ^ _433_/Y (sg13g2_nor3_1)
                                         net144 (net)
                  0.49    0.00    4.61 ^ output145/A (sg13g2_buf_1)
     1    0.00    0.05    0.24    4.86 ^ output145/X (sg13g2_buf_1)
                                         io_rsp_ready (net)
                  0.05    0.00    4.86 ^ io_rsp_ready (out)
                                  4.86   data arrival time

                         20.00   20.00   clock clock (rise edge)
                          0.00   20.00   clock network delay (propagated)
                         -0.15   19.85   clock uncertainty
                          0.00   19.85   clock reconvergence pessimism
                         -4.00   15.85   output external delay
                                 15.85   data required time
-----------------------------------------------------------------------------
                                 15.85   data required time
                                 -4.86   data arrival time
-----------------------------------------------------------------------------
                                 10.99   slack (MET)



==========================================================================
finish report_checks -unconstrained
--------------------------------------------------------------------------
Startpoint: io_rsp_valid (input port clocked by clock)
Endpoint: io_rsp_ready (output port clocked by clock)
Path Group: clock
Path Type: max
Corner: slow

Fanout     Cap    Slew   Delay    Time   Description
-----------------------------------------------------------------------------
                          0.00    0.00   clock clock (rise edge)
                          0.00    0.00   clock network delay (propagated)
                          4.00    4.00 ^ input external delay
     1    0.00    0.00    0.00    4.00 ^ io_rsp_valid (in)
                                         io_rsp_valid (net)
                  0.00    0.00    4.00 ^ input131/A (sg13g2_buf_1)
     2    0.01    0.07    0.10    4.10 ^ input131/X (sg13g2_buf_1)
                                         net130 (net)
                  0.07    0.00    4.10 ^ _420_/A (sg13g2_inv_1)
     2    0.01    0.05    0.08    4.18 v _420_/Y (sg13g2_inv_1)
                                         _128_ (net)
                  0.05    0.00    4.18 v _433_/C (sg13g2_nor3_1)
     5    0.02    0.49    0.43    4.61 ^ _433_/Y (sg13g2_nor3_1)
                                         net144 (net)
                  0.49    0.00    4.61 ^ output145/A (sg13g2_buf_1)
     1    0.00    0.05    0.24    4.86 ^ output145/X (sg13g2_buf_1)
                                         io_rsp_ready (net)
                  0.05    0.00    4.86 ^ io_rsp_ready (out)
                                  4.86   data arrival time

                         20.00   20.00   clock clock (rise edge)
                          0.00   20.00   clock network delay (propagated)
                         -0.15   19.85   clock uncertainty
                          0.00   19.85   clock reconvergence pessimism
                         -4.00   15.85   output external delay
                                 15.85   data required time
-----------------------------------------------------------------------------
                                 15.85   data required time
                                 -4.86   data arrival time
-----------------------------------------------------------------------------
                                 10.99   slack (MET)



==========================================================================
finish report_check_types -max_slew -max_cap -max_fanout -violators
--------------------------------------------------------------------------
max fanout

Pin                                   Limit Fanout  Slack
---------------------------------------------------------
clkbuf_0_clock/X                          8     16     -8 (VIOLATED)


==========================================================================
finish max_slew_check_slack
--------------------------------------------------------------------------
1.7111283540725708

==========================================================================
finish max_slew_check_limit
--------------------------------------------------------------------------
2.5074000358581543

==========================================================================
finish max_slew_check_slack_limit
--------------------------------------------------------------------------
0.6824

==========================================================================
finish max_fanout_check_slack
--------------------------------------------------------------------------
-8.0

==========================================================================
finish max_fanout_check_limit
--------------------------------------------------------------------------
8.0

==========================================================================
finish max_fanout_check_slack_limit
--------------------------------------------------------------------------
-1.0000

==========================================================================
finish max_capacitance_check_slack
--------------------------------------------------------------------------
0.24458815157413483

==========================================================================
finish max_capacitance_check_limit
--------------------------------------------------------------------------
0.30000001192092896

==========================================================================
finish max_capacitance_check_slack_limit
--------------------------------------------------------------------------
0.8153

==========================================================================
finish max_slew_violation_count
--------------------------------------------------------------------------
max slew violation count 0

==========================================================================
finish max_fanout_violation_count
--------------------------------------------------------------------------
max fanout violation count 1

==========================================================================
finish max_cap_violation_count
--------------------------------------------------------------------------
max cap violation count 0

==========================================================================
finish setup_violation_count
--------------------------------------------------------------------------
setup violation count 0

==========================================================================
finish hold_violation_count
--------------------------------------------------------------------------
hold violation count 0

==========================================================================
finish report_checks -path_delay max reg to reg
--------------------------------------------------------------------------
Startpoint: filter_timer_counter[0]$_SDFF_PN0_
            (rising edge-triggered flip-flop clocked by clock)
Endpoint: timeout_value[9]$_SDFFE_PN0P_
          (rising edge-triggered flip-flop clocked by clock)
Path Group: clock
Path Type: max
Corner: slow

  Delay    Time   Description
---------------------------------------------------------
   0.00    0.00   clock clock (rise edge)
   0.00    0.00   clock source latency
   0.00    0.00 ^ clock (in)
   0.32    0.32 ^ clkbuf_0_clock/X (sg13g2_buf_4)
   0.24    0.56 ^ clkbuf_4_2_0_clock/X (sg13g2_buf_8)
   0.00    0.56 ^ filter_timer_counter[0]$_SDFF_PN0_/CLK (sg13g2_dfrbpq_1)
   0.38    0.94 v filter_timer_counter[0]$_SDFF_PN0_/Q (sg13g2_dfrbpq_1)
   0.48    1.42 ^ _518_/Y (sg13g2_nor4_2)
   0.39    1.81 ^ _521_/X (sg13g2_and3_1)
   0.63    2.44 v _638_/Y (sg13g2_nand3_1)
   0.45    2.89 v place188/X (sg13g2_buf_1)
   0.17    3.06 ^ _726_/Y (sg13g2_a21oi_1)
   0.14    3.20 ^ _727_/X (sg13g2_a21o_1)
   0.00    3.20 ^ timeout_value[9]$_SDFFE_PN0P_/D (sg13g2_dfrbpq_1)
           3.20   data arrival time

  20.00   20.00   clock clock (rise edge)
   0.00   20.00   clock source latency
   0.00   20.00 ^ clock (in)
   0.29   20.29 ^ clkbuf_0_clock/X (sg13g2_buf_4)
   0.22   20.51 ^ clkbuf_4_13_0_clock/X (sg13g2_buf_8)
   0.00   20.51 ^ timeout_value[9]$_SDFFE_PN0P_/CLK (sg13g2_dfrbpq_1)
  -0.15   20.36   clock uncertainty
   0.03   20.39   clock reconvergence pessimism
  -0.19   20.20   library setup time
          20.20   data required time
---------------------------------------------------------
          20.20   data required time
          -3.20   data arrival time
---------------------------------------------------------
          17.00   slack (MET)



==========================================================================
finish report_checks -path_delay min reg to reg
--------------------------------------------------------------------------
Startpoint: io_i2c_sda_read_buffercc/buffers_0$_SDFF_PN1_
            (rising edge-triggered flip-flop clocked by clock)
Endpoint: io_i2c_sda_read_buffercc/buffers_1$_SDFF_PN1_
          (rising edge-triggered flip-flop clocked by clock)
Path Group: clock
Path Type: min
Corner: fast

  Delay    Time   Description
---------------------------------------------------------
   0.00    0.00   clock clock (rise edge)
   0.00    0.00   clock source latency
   0.00    0.00 ^ clock (in)
   0.12    0.12 ^ clkbuf_0_clock/X (sg13g2_buf_4)
   0.09    0.21 ^ clkbuf_4_2_0_clock/X (sg13g2_buf_8)
   0.00    0.21 ^ io_i2c_sda_read_buffercc/buffers_0$_SDFF_PN1_/CLK (sg13g2_dfrbpq_1)
   0.10    0.32 v io_i2c_sda_read_buffercc/buffers_0$_SDFF_PN1_/Q (sg13g2_dfrbpq_1)
   0.04    0.36 v io_i2c_sda_read_buffercc/_4_/Y (sg13g2_nand2b_1)
   0.00    0.36 v io_i2c_sda_read_buffercc/buffers_1$_SDFF_PN1_/D (sg13g2_dfrbpq_1)
           0.36   data arrival time

   0.00    0.00   clock clock (rise edge)
   0.00    0.00   clock source latency
   0.00    0.00 ^ clock (in)
   0.13    0.13 ^ clkbuf_0_clock/X (sg13g2_buf_4)
   0.10    0.23 ^ clkbuf_4_3_0_clock/X (sg13g2_buf_8)
   0.00    0.23 ^ io_i2c_sda_read_buffercc/buffers_1$_SDFF_PN1_/CLK (sg13g2_dfrbpq_1)
   0.15    0.38   clock uncertainty
  -0.01    0.37   clock reconvergence pessimism
  -0.02    0.35   library hold time
           0.35   data required time
---------------------------------------------------------
           0.35   data required time
          -0.36   data arrival time
---------------------------------------------------------
           0.01   slack (MET)



==========================================================================
finish critical path target clock latency max path
--------------------------------------------------------------------------
0.5128

==========================================================================
finish critical path target clock latency min path
--------------------------------------------------------------------------
0.5633

==========================================================================
finish critical path source clock latency min path
--------------------------------------------------------------------------
0.0000

==========================================================================
finish critical path delay
--------------------------------------------------------------------------
4.8567

==========================================================================
finish critical path slack
--------------------------------------------------------------------------
10.9933

==========================================================================
finish slack div critical path delay
--------------------------------------------------------------------------
226.353285

==========================================================================
finish report_power
--------------------------------------------------------------------------
Corner: slow
Group                  Internal  Switching    Leakage      Total
                          Power      Power      Power      Power (Watts)
----------------------------------------------------------------
Sequential             1.65e-04   8.78e-06   1.72e-07   1.74e-04  57.2%
Combinational          2.33e-05   2.74e-05   2.21e-07   5.09e-05  16.8%
Clock                  4.71e-05   3.19e-05   9.08e-08   7.91e-05  26.0%
Macro                  0.00e+00   0.00e+00   0.00e+00   0.00e+00   0.0%
Pad                    0.00e+00   0.00e+00   0.00e+00   0.00e+00   0.0%
----------------------------------------------------------------
Total                  2.35e-04   6.81e-05   4.83e-07   3.04e-04 100.0%
                          77.4%      22.4%       0.2%
Corner: typ
Group                  Internal  Switching    Leakage      Total
                          Power      Power      Power      Power (Watts)
----------------------------------------------------------------
Sequential             2.06e-04   1.08e-05   8.58e-08   2.17e-04  57.1%
Combinational          2.93e-05   3.38e-05   7.98e-08   6.32e-05  16.6%
Clock                  6.06e-05   3.94e-05   6.85e-08   1.00e-04  26.3%
Macro                  0.00e+00   0.00e+00   0.00e+00   0.00e+00   0.0%
Pad                    0.00e+00   0.00e+00   0.00e+00   0.00e+00   0.0%
----------------------------------------------------------------
Total                  2.96e-04   8.40e-05   2.34e-07   3.80e-04 100.0%
                          77.8%      22.1%       0.1%
Corner: fast
Group                  Internal  Switching    Leakage      Total
                          Power      Power      Power      Power (Watts)
----------------------------------------------------------------
Sequential             2.50e-04   1.31e-05   1.12e-07   2.64e-04  56.2%
Combinational          3.66e-05   4.09e-05   1.45e-07   7.77e-05  16.6%
Clock                  7.98e-05   4.76e-05   7.36e-08   1.28e-04  27.2%
Macro                  0.00e+00   0.00e+00   0.00e+00   0.00e+00   0.0%
Pad                    0.00e+00   0.00e+00   0.00e+00   0.00e+00   0.0%
----------------------------------------------------------------
Total                  3.67e-04   1.02e-04   3.31e-07   4.69e-04 100.0%
                          78.2%      21.7%       0.1%
